Component: Arm Compiler for Embedded 6.18 Tool: armlink [5e4cc100]

==============================================================================

Section Cross References

    init.o(.text.rccInit) refers to register_work.o(.text.setRegister32) for setRegister32
    init.o(.ARM.exidx.text.rccInit) refers to init.o(.text.rccInit) for [Anonymous Symbol]
    init.o(.text.portInit) refers to register_work.o(.text.setRegister32) for setRegister32
    init.o(.ARM.exidx.text.portInit) refers to init.o(.text.portInit) for [Anonymous Symbol]
    init.o(.text.uartInit) refers to register_work.o(.text.setRegister32) for setRegister32
    init.o(.text.uartInit) refers to init.o(.text.__NVIC_EnableIRQ) for __NVIC_EnableIRQ
    init.o(.text.uartInit) refers to register_work.o(.text.setRegister16) for setRegister16
    init.o(.ARM.exidx.text.uartInit) refers to init.o(.text.uartInit) for [Anonymous Symbol]
    init.o(.ARM.exidx.text.__NVIC_EnableIRQ) refers to init.o(.text.__NVIC_EnableIRQ) for [Anonymous Symbol]
    init.o(.text.extiInit) refers to register_work.o(.text.setRegister32) for setRegister32
    init.o(.text.extiInit) refers to init.o(.text.__NVIC_EnableIRQ) for __NVIC_EnableIRQ
    init.o(.ARM.exidx.text.extiInit) refers to init.o(.text.extiInit) for [Anonymous Symbol]
    main.o(.ARM.exidx.text.vApplicationIdleHook) refers to main.o(.text.vApplicationIdleHook) for [Anonymous Symbol]
    main.o(.ARM.exidx.text.vApplicationTickHook) refers to main.o(.text.vApplicationTickHook) for [Anonymous Symbol]
    main.o(.ARM.exidx.text.vApplicationMallocFailedHook) refers to main.o(.text.vApplicationMallocFailedHook) for [Anonymous Symbol]
    main.o(.ARM.exidx.text.vApplicationStackOverflowHook) refers to main.o(.text.vApplicationStackOverflowHook) for [Anonymous Symbol]
    main.o(.ARM.exidx.text.badTimeOut) refers to main.o(.text.badTimeOut) for [Anonymous Symbol]
    main.o(.text.bTimerCallback) refers to port.o(.text.vPortEnterCritical) for vPortEnterCritical
    main.o(.text.bTimerCallback) refers to main.o(.data.ledC) for ledC
    main.o(.text.bTimerCallback) refers to register_work.o(.text.togglePin) for togglePin
    main.o(.text.bTimerCallback) refers to port.o(.text.vPortExitCritical) for vPortExitCritical
    main.o(.ARM.exidx.text.bTimerCallback) refers to main.o(.text.bTimerCallback) for [Anonymous Symbol]
    main.o(.text.main) refers to init.o(.text.rccInit) for rccInit
    main.o(.text.main) refers to init.o(.text.portInit) for portInit
    main.o(.text.main) refers to init.o(.text.uartInit) for uartInit
    main.o(.text.main) refers to init.o(.text.extiInit) for extiInit
    main.o(.text.main) refers to main.o(.text.bTimerCallback) for bTimerCallback
    main.o(.text.main) refers to main.o(.rodata.str1.1) for .L.str
    main.o(.text.main) refers to timers.o(.text.xTimerCreate) for xTimerCreate
    main.o(.text.main) refers to main.o(.bss.buttonTimer) for buttonTimer
    main.o(.text.main) refers to led_task.o(.text.blinkTask) for blinkTask
    main.o(.text.main) refers to tasks.o(.text.xTaskCreate) for xTaskCreate
    main.o(.text.main) refers to usart_task.o(.text.usartTask) for usartTask
    main.o(.text.main) refers to tasks.o(.text.vTaskStartScheduler) for vTaskStartScheduler
    main.o(.ARM.exidx.text.main) refers to main.o(.text.main) for [Anonymous Symbol]
    main.o(.text.USART1_IRQHandler) refers to main.o(.bss.dataFromUart) for dataFromUart
    main.o(.text.USART1_IRQHandler) refers to queue.o(.text.xQueueGenericSendFromISR) for xQueueGenericSendFromISR
    main.o(.ARM.exidx.text.USART1_IRQHandler) refers to main.o(.text.USART1_IRQHandler) for [Anonymous Symbol]
    main.o(.text.EXTI0_IRQHandler) refers to main.o(.bss.buttonTimer) for buttonTimer
    main.o(.text.EXTI0_IRQHandler) refers to tasks.o(.text.xTaskGetTickCountFromISR) for xTaskGetTickCountFromISR
    main.o(.text.EXTI0_IRQHandler) refers to timers.o(.text.xTimerGenericCommand) for xTimerGenericCommand
    main.o(.ARM.exidx.text.EXTI0_IRQHandler) refers to main.o(.text.EXTI0_IRQHandler) for [Anonymous Symbol]
    register_work.o(.ARM.exidx.text.setRegister32) refers to register_work.o(.text.setRegister32) for [Anonymous Symbol]
    register_work.o(.ARM.exidx.text.setRegister16) refers to register_work.o(.text.setRegister16) for [Anonymous Symbol]
    register_work.o(.ARM.exidx.text.setPin) refers to register_work.o(.text.setPin) for [Anonymous Symbol]
    register_work.o(.ARM.exidx.text.resetPin) refers to register_work.o(.text.resetPin) for [Anonymous Symbol]
    register_work.o(.text.togglePin) refers to register_work.o(.text.resetPin) for resetPin
    register_work.o(.text.togglePin) refers to register_work.o(.text.setPin) for setPin
    register_work.o(.ARM.exidx.text.togglePin) refers to register_work.o(.text.togglePin) for [Anonymous Symbol]
    led_task.o(.text.blinkTask) refers to port.o(.text.vPortEnterCritical) for vPortEnterCritical
    led_task.o(.text.blinkTask) refers to main.o(.data.ledC) for ledC
[...]
    Removing timers.o(.text.uxTimerGetTimerNumber), (12 bytes).
    Removing timers.o(.ARM.exidx.text.uxTimerGetTimerNumber), (8 bytes).
    Removing timers.o(.text.vTimerSetTimerNumber), (16 bytes).
    Removing timers.o(.ARM.exidx.text.vTimerSetTimerNumber), (8 bytes).
    Removing timers.o(.ARM.exidx.text.prvGetNextExpireTime), (8 bytes).
    Removing timers.o(.ARM.exidx.text.prvProcessTimerOrBlockTask), (8 bytes).
    Removing timers.o(.ARM.exidx.text.prvProcessReceivedCommands), (8 bytes).
    Removing timers.o(.ARM.exidx.text.prvSampleTimeNow), (8 bytes).
    Removing timers.o(.ARM.exidx.text.prvProcessExpiredTimer), (8 bytes).
    Removing timers.o(.ARM.exidx.text.prvSwitchTimerLists), (8 bytes).
    Removing timers.o(.ARM.exidx.text.prvReloadTimer), (8 bytes).
    Removing timers.o(.ARM.exidx.text.prvInsertTimerInActiveList), (8 bytes).
    Removing port.o(.text), (0 bytes).
    Removing port.o(.ARM.exidx.text.pxPortInitialiseStack), (8 bytes).
    Removing port.o(.ARM.exidx.text.prvTaskExitError), (8 bytes).
    Removing port.o(.ARM.exidx.text.SVC_Handler), (8 bytes).
    Removing port.o(.ARM.exidx.text.xPortStartScheduler), (8 bytes).
    Removing port.o(.ARM.exidx.text.vPortSetupTimerInterrupt), (8 bytes).
    Removing port.o(.ARM.exidx.text.prvPortStartFirstTask), (8 bytes).
    Removing port.o(.text.vPortEndScheduler), (2 bytes).
    Removing port.o(.ARM.exidx.text.vPortEndScheduler), (8 bytes).
    Removing port.o(.ARM.exidx.text.vPortEnterCritical), (8 bytes).
    Removing port.o(.ARM.exidx.text.vPortExitCritical), (8 bytes).
    Removing port.o(.ARM.exidx.text.PendSV_Handler), (8 bytes).
    Removing port.o(.ARM.exidx.text.SysTick_Handler), (8 bytes).
    Removing system_stm32f10x.o(.text), (0 bytes).
    Removing system_stm32f10x.o(.ARM.exidx.text.SystemInit), (8 bytes).
    Removing system_stm32f10x.o(.ARM.exidx.text.SetSysClock), (8 bytes).
    Removing system_stm32f10x.o(.text.SystemCoreClockUpdate), (290 bytes).
    Removing system_stm32f10x.o(.ARM.exidx.text.SystemCoreClockUpdate), (8 bytes).
    Removing system_stm32f10x.o(.ARM.exidx.text.SetSysClockTo72), (8 bytes).
    Removing system_stm32f10x.o(.data.SystemCoreClock), (4 bytes).
    Removing system_stm32f10x.o(.rodata.AHBPrescTable), (16 bytes).

337 unused section(s) (total 14496 bytes) removed from the image.

==============================================================================

Image Symbol Table

    Local Symbols

    Symbol Name                              Value     Ov Type        Size  Object(Section)

    ../clib/angel/boardlib.s                 0x00000000   Number         0  boardinit1.o ABSOLUTE
    ../clib/angel/boardlib.s                 0x00000000   Number         0  boardinit2.o ABSOLUTE
    ../clib/angel/boardlib.s                 0x00000000   Number         0  boardinit3.o ABSOLUTE
    ../clib/angel/boardlib.s                 0x00000000   Number         0  boardshut.o ABSOLUTE
    ../clib/angel/handlers.s                 0x00000000   Number         0  __scatter_copy.o ABSOLUTE
    ../clib/angel/handlers.s                 0x00000000   Number         0  __scatter_zi.o ABSOLUTE
    ../clib/angel/kernel.s                   0x00000000   Number         0  __rtentry.o ABSOLUTE
    ../clib/angel/kernel.s                   0x00000000   Number         0  __rtentry2.o ABSOLUTE
    ../clib/angel/kernel.s                   0x00000000   Number         0  __rtentry4.o ABSOLUTE
    ../clib/angel/kernel.s                   0x00000000   Number         0  rtexit.o ABSOLUTE
    ../clib/angel/kernel.s                   0x00000000   Number         0  rtexit2.o ABSOLUTE
    ../clib/angel/rt.s                       0x00000000   Number         0  rt_raise.o ABSOLUTE
    ../clib/angel/scatter.s                  0x00000000   Number         0  __scatter.o ABSOLUTE
    ../clib/angel/startup.s                  0x00000000   Number         0  __main.o ABSOLUTE
    ../clib/angel/sys.s                      0x00000000   Number         0  sys_stackheap_outer.o ABSOLUTE
    ../clib/angel/sys.s                      0x00000000   Number         0  libspace.o ABSOLUTE
    ../clib/angel/sys.s                      0x00000000   Number         0  use_no_semi.o ABSOLUTE
    ../clib/angel/sys.s                      0x00000000   Number         0  indicate_semi.o ABSOLUTE
    ../clib/angel/sysapp.c                   0x00000000   Number         0  sys_exit.o ABSOLUTE
    ../clib/angel/sysapp.c                   0x00000000   Number         0  sys_exit_hlt.o ABSOLUTE
    ../clib/angel/sysapp.c                   0x00000000   Number         0  sys_command.o ABSOLUTE
    ../clib/angel/sysapp.c                   0x00000000   Number         0  sys_command_hlt.o ABSOLUTE
    ../clib/angel/sysapp.c                   0x00000000   Number         0  sys_wrch.o ABSOLUTE
    ../clib/angel/sysapp.c                   0x00000000   Number         0  sys_wrch_hlt.o ABSOLUTE
    ../clib/armsys.c                         0x00000000   Number         0  argv_veneer.o ABSOLUTE
    ../clib/armsys.c                         0x00000000   Number         0  argv_veneer.o ABSOLUTE
    ../clib/armsys.c                         0x00000000   Number         0  _get_argv_nomalloc.o ABSOLUTE
    ../clib/armsys.c                         0x00000000   Number         0  no_argv.o ABSOLUTE
    ../clib/heapalloc.c                      0x00000000   Number         0  hrguard.o ABSOLUTE
    ../clib/heapaux.c                        0x00000000   Number         0  heapauxi.o ABSOLUTE
    ../clib/libinit.s                        0x00000000   Number         0  libinit.o ABSOLUTE
    ../clib/libinit.s                        0x00000000   Number         0  libinit2.o ABSOLUTE
    ../clib/libinit.s                        0x00000000   Number         0  libshutdown.o ABSOLUTE
    ../clib/libinit.s                        0x00000000   Number         0  libshutdown2.o ABSOLUTE
    ../clib/memcpset.s                       0x00000000   Number         0  rt_memcpy_v6.o ABSOLUTE
    ../clib/memcpset.s                       0x00000000   Number         0  aeabi_memset4.o ABSOLUTE
    ../clib/memcpset.s                       0x00000000   Number         0  rt_memclr.o ABSOLUTE
    ../clib/memcpset.s                       0x00000000   Number         0  rt_memclr_w.o ABSOLUTE
    ../clib/memcpset.s                       0x00000000   Number         0  rt_memcpy_w.o ABSOLUTE
    ../clib/signal.c                         0x00000000   Number         0  defsig_rtmem_outer.o ABSOLUTE
    ../clib/signal.c                         0x00000000   Number         0  defsig_rtmem_formal.o ABSOLUTE
    ../clib/signal.c                         0x00000000   Number         0  defsig_exit.o ABSOLUTE
    ../clib/signal.c                         0x00000000   Number         0  defsig_rtmem_inner.o ABSOLUTE
    ../clib/signal.c                         0x00000000   Number         0  __raise.o ABSOLUTE
    ../clib/signal.c                         0x00000000   Number         0  defsig_general.o ABSOLUTE
    ../clib/signal.c                         0x00000000   Number         0  defsig_abrt_inner.o ABSOLUTE
    ../clib/signal.c                         0x00000000   Number         0  defsig_fpe_inner.o ABSOLUTE
    ../clib/signal.c                         0x00000000   Number         0  defsig_rtred_inner.o ABSOLUTE
    ../clib/signal.c                         0x00000000   Number         0  defsig_stak_inner.o ABSOLUTE
    ../clib/signal.c                         0x00000000   Number         0  defsig_pvfn_inner.o ABSOLUTE
    ../clib/signal.c                         0x00000000   Number         0  defsig_cppl_inner.o ABSOLUTE
    ../clib/signal.c                         0x00000000   Number         0  defsig_segv_inner.o ABSOLUTE
    ../clib/signal.c                         0x00000000   Number         0  defsig_other.o ABSOLUTE
    ../clib/signal.s                         0x00000000   Number         0  defsig.o ABSOLUTE
    ../clib/stdlib.c                         0x00000000   Number         0  exit.o ABSOLUTE
    ../fplib/fpinit.s                        0x00000000   Number         0  fpinit.o ABSOLUTE
    ../fplib/fpinit_empty.s                  0x00000000   Number         0  fpinit_empty.o ABSOLUTE
    RTE/Device/STM32F103C8/startup_stm32f10x_md.s 0x00000000   Number         0  startup_stm32f10x_md.o ABSOLUTE
    croutine.c                               0x00000000   Number         0  croutine.o ABSOLUTE
    dc.s                                     0x00000000   Number         0  dc.o ABSOLUTE
    event_groups.c                           0x00000000   Number         0  event_groups.o ABSOLUTE
    heap_4.c                                 0x00000000   Number         0  heap_4.o ABSOLUTE
    init.c                                   0x00000000   Number         0  init.o ABSOLUTE
    led_task.c                               0x00000000   Number         0  led_task.o ABSOLUTE
    list.c                                   0x00000000   Number         0  list.o ABSOLUTE
    main.c                                   0x00000000   Number         0  main.o ABSOLUTE
    port.c                                   0x00000000   Number         0  port.o ABSOLUTE
    queue.c                                  0x00000000   Number         0  queue.o ABSOLUTE
    register_work.c                          0x00000000   Number         0  register_work.o ABSOLUTE
    stream_buffer.c                          0x00000000   Number         0  stream_buffer.o ABSOLUTE
    system_stm32f10x.c                       0x00000000   Number         0  system_stm32f10x.o ABSOLUTE
    tasks.c                                  0x00000000   Number         0  tasks.o ABSOLUTE
    timers.c                                 0x00000000   Number         0  timers.o ABSOLUTE
    usart_task.c                             0x00000000   Number         0  usart_task.o ABSOLUTE
    RESET                                    0x08000000   Section      236  startup_stm32f10x_md.o(RESET)
    !!!main                                  0x080000ec   Section        8  __main.o(!!!main)
    !!!scatter                               0x080000f4   Section       52  __scatter.o(!!!scatter)
    !!handler_copy                           0x08000128   Section       26  __scatter_copy.o(!!handler_copy)
    !!handler_zi                             0x08000144   Section       28  __scatter_zi.o(!!handler_zi)
    .ARM.Collect$$libinit$$00000000          0x08000160   Section        2  libinit.o(.ARM.Collect$$libinit$$00000000)
    .ARM.Collect$$libinit$$00000002          0x08000162   Section        0  libinit2.o(.ARM.Collect$$libinit$$00000002)
    .ARM.Collect$$libinit$$00000004          0x08000162   Section        0  libinit2.o(.ARM.Collect$$libinit$$00000004)
    .ARM.Collect$$libinit$$00000006          0x08000162   Section        0  libinit2.o(.ARM.Collect$$libinit$$00000006)
    .ARM.Collect$$libinit$$0000000C          0x08000162   Section        0  libinit2.o(.ARM.Collect$$libinit$$0000000C)
    .ARM.Collect$$libinit$$0000000E          0x08000162   Section        0  libinit2.o(.ARM.Collect$$libinit$$0000000E)
    .ARM.Collect$$libinit$$00000010          0x08000162   Section        0  libinit2.o(.ARM.Collect$$libinit$$00000010)
    .ARM.Collect$$libinit$$00000013          0x08000162   Section        0  libinit2.o(.ARM.Collect$$libinit$$00000013)
    .ARM.Collect$$libinit$$00000015          0x08000162   Section        0  libinit2.o(.ARM.Collect$$libinit$$00000015)
    .ARM.Collect$$libinit$$00000017          0x08000162   Section        0  libinit2.o(.ARM.Collect$$libinit$$00000017)
    .ARM.Collect$$libinit$$00000019          0x08000162   Section        0  libinit2.o(.ARM.Collect$$libinit$$00000019)
    .ARM.Collect$$libinit$$0000001B          0x08000162   Section        0  libinit2.o(.ARM.Collect$$libinit$$0000001B)
    .ARM.Collect$$libinit$$0000001D          0x08000162   Section        0  libinit2.o(.ARM.Collect$$libinit$$0000001D)
    .ARM.Collect$$libinit$$0000001F          0x08000162   Section        0  libinit2.o(.ARM.Collect$$libinit$$0000001F)
    .ARM.Collect$$libinit$$00000021          0x08000162   Section        0  libinit2.o(.ARM.Collect$$libinit$$00000021)
    .ARM.Collect$$libinit$$00000023          0x08000162   Section        0  libinit2.o(.ARM.Collect$$libinit$$00000023)
    .ARM.Collect$$libinit$$00000025          0x08000162   Section        0  libinit2.o(.ARM.Collect$$libinit$$00000025)
    .ARM.Collect$$libinit$$00000027          0x08000162   Section        0  libinit2.o(.ARM.Collect$$libinit$$00000027)
    .ARM.Collect$$libinit$$0000002E          0x08000162   Section        0  libinit2.o(.ARM.Collect$$libinit$$0000002E)
    .ARM.Collect$$libinit$$00000030          0x08000162   Section        0  libinit2.o(.ARM.Collect$$libinit$$00000030)
    .ARM.Collect$$libinit$$00000032          0x08000162   Section        0  libinit2.o(.ARM.Collect$$libinit$$00000032)
    .ARM.Collect$$libinit$$00000034          0x08000162   Section        0  libinit2.o(.ARM.Collect$$libinit$$00000034)
    .ARM.Collect$$libinit$$00000035          0x08000162   Section        2  libinit2.o(.ARM.Collect$$libinit$$00000035)
    .ARM.Collect$$libshutdown$$00000000      0x08000164   Section        2  libshutdown.o(.ARM.Collect$$libshutdown$$00000000)
    .ARM.Collect$$libshutdown$$00000002      0x08000166   Section        0  libshutdown2.o(.ARM.Collect$$libshutdown$$00000002)
    .ARM.Collect$$libshutdown$$00000004      0x08000166   Section        0  libshutdown2.o(.ARM.Collect$$libshutdown$$00000004)
    .ARM.Collect$$libshutdown$$00000007      0x08000166   Section        0  libshutdown2.o(.ARM.Collect$$libshutdown$$00000007)
    .ARM.Collect$$libshutdown$$0000000A      0x08000166   Section        0  libshutdown2.o(.ARM.Collect$$libshutdown$$0000000A)
    .ARM.Collect$$libshutdown$$0000000C      0x08000166   Section        0  libshutdown2.o(.ARM.Collect$$libshutdown$$0000000C)
    .ARM.Collect$$libshutdown$$0000000F      0x08000166   Section        0  libshutdown2.o(.ARM.Collect$$libshutdown$$0000000F)
    .ARM.Collect$$libshutdown$$00000010      0x08000166   Section        2  libshutdown2.o(.ARM.Collect$$libshutdown$$00000010)
    .ARM.Collect$$rtentry$$00000000          0x08000168   Section        0  __rtentry.o(.ARM.Collect$$rtentry$$00000000)
    .ARM.Collect$$rtentry$$00000002          0x08000168   Section        0  __rtentry2.o(.ARM.Collect$$rtentry$$00000002)
    .ARM.Collect$$rtentry$$00000004          0x08000168   Section        6  __rtentry4.o(.ARM.Collect$$rtentry$$00000004)
    .ARM.Collect$$rtentry$$00000009          0x0800016e   Section        0  __rtentry2.o(.ARM.Collect$$rtentry$$00000009)
    .ARM.Collect$$rtentry$$0000000A          0x0800016e   Section        4  __rtentry2.o(.ARM.Collect$$rtentry$$0000000A)
    .ARM.Collect$$rtentry$$0000000C          0x08000172   Section        0  __rtentry2.o(.ARM.Collect$$rtentry$$0000000C)
    .ARM.Collect$$rtentry$$0000000D          0x08000172   Section        8  __rtentry2.o(.ARM.Collect$$rtentry$$0000000D)
    .ARM.Collect$$rtexit$$00000000           0x0800017a   Section        2  rtexit.o(.ARM.Collect$$rtexit$$00000000)
    .ARM.Collect$$rtexit$$00000002           0x0800017c   Section        0  rtexit2.o(.ARM.Collect$$rtexit$$00000002)
    .ARM.Collect$$rtexit$$00000003           0x0800017c   Section        4  rtexit2.o(.ARM.Collect$$rtexit$$00000003)
    .ARM.Collect$$rtexit$$00000004           0x08000180   Section        6  rtexit2.o(.ARM.Collect$$rtexit$$00000004)
    .text                                    0x08000188   Section       64  startup_stm32f10x_md.o(.text)
    .text                                    0x080001c8   Section      138  rt_memcpy_v6.o(.text)
    .text                                    0x08000252   Section       16  aeabi_memset4.o(.text)
    .text                                    0x08000262   Section       68  rt_memclr.o(.text)
    .text                                    0x080002a6   Section       78  rt_memclr_w.o(.text)
    .text                                    0x080002f4   Section        0  heapauxi.o(.text)
    .text                                    0x080002fa   Section      100  rt_memcpy_w.o(.text)
    .text                                    0x0800035e   Section       74  sys_stackheap_outer.o(.text)
    .text                                    0x080003a8   Section        0  exit.o(.text)
    .text                                    0x080003bc   Section        8  libspace.o(.text)
    .text                                    0x080003c4   Section        0  sys_exit.o(.text)
    .text                                    0x080003d0   Section        2  use_no_semi.o(.text)
    .text                                    0x080003d2   Section        0  indicate_semi.o(.text)
    [Anonymous Symbol]                       0x080003d4   Section        0  main.o(.text.EXTI0_IRQHandler)
    [Anonymous Symbol]                       0x08000410   Section        0  port.o(.text.PendSV_Handler)
    pxCurrentTCBConst                        0x08000450   Number         0  port.o(.text.PendSV_Handler)
    [Anonymous Symbol]                       0x08000460   Section        0  port.o(.text.SVC_Handler)
    pxCurrentTCBConst2                       0x08000480   Number         0  port.o(.text.SVC_Handler)
    SetSysClock                              0x08000485   Thumb Code     8  system_stm32f10x.o(.text.SetSysClock)
    [Anonymous Symbol]                       0x08000484   Section        0  system_stm32f10x.o(.text.SetSysClock)
    SetSysClockTo72                          0x0800048d   Thumb Code   290  system_stm32f10x.o(.text.SetSysClockTo72)
    [Anonymous Symbol]                       0x0800048c   Section        0  system_stm32f10x.o(.text.SetSysClockTo72)
    [Anonymous Symbol]                       0x080005b0   Section        0  port.o(.text.SysTick_Handler)
    [Anonymous Symbol]                       0x080005ec   Section        0  system_stm32f10x.o(.text.SystemInit)
    [Anonymous Symbol]                       0x08000654   Section        0  main.o(.text.USART1_IRQHandler)
    __NVIC_EnableIRQ                         0x08000695   Thumb Code    48  init.o(.text.__NVIC_EnableIRQ)
    [Anonymous Symbol]                       0x08000694   Section        0  init.o(.text.__NVIC_EnableIRQ)
    [Anonymous Symbol]                       0x080006c4   Section        0  usart_task.o(.text.addItemInArray)
    [Anonymous Symbol]                       0x08000718   Section        0  main.o(.text.bTimerCallback)
    [Anonymous Symbol]                       0x0800074c   Section        0  led_task.o(.text.blinkTask)
    [Anonymous Symbol]                       0x08000774   Section        0  init.o(.text.extiInit)
    [Anonymous Symbol]                       0x0800080c   Section        0  main.o(.text.main)
    [Anonymous Symbol]                       0x0800089c   Section        0  init.o(.text.portInit)
    prvAddCurrentTaskToDelayedList           0x080008d9   Thumb Code   282  tasks.o(.text.prvAddCurrentTaskToDelayedList)
    [Anonymous Symbol]                       0x080008d8   Section        0  tasks.o(.text.prvAddCurrentTaskToDelayedList)
    prvAddNewTaskToReadyList                 0x080009f5   Thumb Code   340  tasks.o(.text.prvAddNewTaskToReadyList)
    [Anonymous Symbol]                       0x080009f4   Section        0  tasks.o(.text.prvAddNewTaskToReadyList)
    prvCheckForValidListAndQueue             0x08000b49   Thumb Code   106  timers.o(.text.prvCheckForValidListAndQueue)
    [Anonymous Symbol]                       0x08000b48   Section        0  timers.o(.text.prvCheckForValidListAndQueue)
    prvCheckTasksWaitingTermination          0x08000bb5   Thumb Code    90  tasks.o(.text.prvCheckTasksWaitingTermination)
    [Anonymous Symbol]                       0x08000bb4   Section        0  tasks.o(.text.prvCheckTasksWaitingTermination)
    prvCopyDataFromQueue                     0x08000c11   Thumb Code    66  queue.o(.text.prvCopyDataFromQueue)
    [Anonymous Symbol]                       0x08000c10   Section        0  queue.o(.text.prvCopyDataFromQueue)
    prvCopyDataToQueue                       0x08000c55   Thumb Code   204  queue.o(.text.prvCopyDataToQueue)
    [Anonymous Symbol]                       0x08000c54   Section        0  queue.o(.text.prvCopyDataToQueue)
    prvDeleteTCB                             0x08000d21   Thumb Code    24  tasks.o(.text.prvDeleteTCB)
    [Anonymous Symbol]                       0x08000d20   Section        0  tasks.o(.text.prvDeleteTCB)
    prvGetNextExpireTime                     0x08000d39   Thumb Code    64  timers.o(.text.prvGetNextExpireTime)
    [Anonymous Symbol]                       0x08000d38   Section        0  timers.o(.text.prvGetNextExpireTime)
    prvHeapInit                              0x08000d79   Thumb Code   174  heap_4.o(.text.prvHeapInit)
    [Anonymous Symbol]                       0x08000d78   Section        0  heap_4.o(.text.prvHeapInit)
    prvIdleTask                              0x08000e29   Thumb Code    60  tasks.o(.text.prvIdleTask)
    [Anonymous Symbol]                       0x08000e28   Section        0  tasks.o(.text.prvIdleTask)
    prvInitialiseNewQueue                    0x08000e65   Thumb Code    72  queue.o(.text.prvInitialiseNewQueue)
    [Anonymous Symbol]                       0x08000e64   Section        0  queue.o(.text.prvInitialiseNewQueue)
    prvInitialiseNewTask                     0x08000ead   Thumb Code   230  tasks.o(.text.prvInitialiseNewTask)
    [Anonymous Symbol]                       0x08000eac   Section        0  tasks.o(.text.prvInitialiseNewTask)
    prvInitialiseNewTimer                    0x08000f95   Thumb Code    82  timers.o(.text.prvInitialiseNewTimer)
    [Anonymous Symbol]                       0x08000f94   Section        0  timers.o(.text.prvInitialiseNewTimer)
    prvInitialiseTaskLists                   0x08000fe9   Thumb Code   142  tasks.o(.text.prvInitialiseTaskLists)
    [Anonymous Symbol]                       0x08000fe8   Section        0  tasks.o(.text.prvInitialiseTaskLists)
    prvInsertBlockIntoFreeList               0x08001079   Thumb Code   198  heap_4.o(.text.prvInsertBlockIntoFreeList)
    [Anonymous Symbol]                       0x08001078   Section        0  heap_4.o(.text.prvInsertBlockIntoFreeList)
    prvInsertTimerInActiveList               0x08001141   Thumb Code   134  timers.o(.text.prvInsertTimerInActiveList)
    [Anonymous Symbol]                       0x08001140   Section        0  timers.o(.text.prvInsertTimerInActiveList)
    prvIsQueueEmpty                          0x080011c9   Thumb Code    40  queue.o(.text.prvIsQueueEmpty)
    [Anonymous Symbol]                       0x080011c8   Section        0  queue.o(.text.prvIsQueueEmpty)
    prvIsQueueFull                           0x080011f1   Thumb Code    46  queue.o(.text.prvIsQueueFull)
    [Anonymous Symbol]                       0x080011f0   Section        0  queue.o(.text.prvIsQueueFull)
    prvPortStartFirstTask                    0x08001221   Thumb Code    32  port.o(.text.prvPortStartFirstTask)
    [Anonymous Symbol]                       0x08001220   Section        0  port.o(.text.prvPortStartFirstTask)
    prvProcessExpiredTimer                   0x08001241   Thumb Code    84  timers.o(.text.prvProcessExpiredTimer)
    [Anonymous Symbol]                       0x08001240   Section        0  timers.o(.text.prvProcessExpiredTimer)
    prvProcessReceivedCommands               0x08001295   Thumb Code   294  timers.o(.text.prvProcessReceivedCommands)
    [Anonymous Symbol]                       0x08001294   Section        0  timers.o(.text.prvProcessReceivedCommands)
    prvProcessTimerOrBlockTask               0x080013bd   Thumb Code   154  timers.o(.text.prvProcessTimerOrBlockTask)
    [Anonymous Symbol]                       0x080013bc   Section        0  timers.o(.text.prvProcessTimerOrBlockTask)
    prvReloadTimer                           0x08001459   Thumb Code    52  timers.o(.text.prvReloadTimer)
    [Anonymous Symbol]                       0x08001458   Section        0  timers.o(.text.prvReloadTimer)
    prvResetNextTaskUnblockTime              0x0800148d   Thumb Code    60  tasks.o(.text.prvResetNextTaskUnblockTime)
    [Anonymous Symbol]                       0x0800148c   Section        0  tasks.o(.text.prvResetNextTaskUnblockTime)
    prvSampleTimeNow                         0x080014c9   Thumb Code    68  timers.o(.text.prvSampleTimeNow)
    [Anonymous Symbol]                       0x080014c8   Section        0  timers.o(.text.prvSampleTimeNow)
    prvSwitchTimerLists                      0x0800150d   Thumb Code    82  timers.o(.text.prvSwitchTimerLists)
    [Anonymous Symbol]                       0x0800150c   Section        0  timers.o(.text.prvSwitchTimerLists)
    prvTaskExitError                         0x08001561   Thumb Code    38  port.o(.text.prvTaskExitError)
    [Anonymous Symbol]                       0x08001560   Section        0  port.o(.text.prvTaskExitError)
    prvTimerTask                             0x08001589   Thumb Code    30  timers.o(.text.prvTimerTask)
    [Anonymous Symbol]                       0x08001588   Section        0  timers.o(.text.prvTimerTask)
    prvUnlockQueue                           0x080015a9   Thumb Code   174  queue.o(.text.prvUnlockQueue)
    [Anonymous Symbol]                       0x080015a8   Section        0  queue.o(.text.prvUnlockQueue)
    [Anonymous Symbol]                       0x08001658   Section        0  heap_4.o(.text.pvPortMalloc)
    [Anonymous Symbol]                       0x080017e0   Section        0  port.o(.text.pxPortInitialiseStack)
    [Anonymous Symbol]                       0x08001830   Section        0  init.o(.text.rccInit)
    [Anonymous Symbol]                       0x080018f0   Section        0  register_work.o(.text.resetPin)
    [Anonymous Symbol]                       0x0800190c   Section        0  usart_task.o(.text.sendMessage)
    [Anonymous Symbol]                       0x08001960   Section        0  register_work.o(.text.setPin)
    [Anonymous Symbol]                       0x0800197c   Section        0  register_work.o(.text.setRegister16)
    [Anonymous Symbol]                       0x0800199c   Section        0  register_work.o(.text.setRegister32)
    [Anonymous Symbol]                       0x080019bc   Section        0  usart_task.o(.text.setZerosInArray)
    [Anonymous Symbol]                       0x080019f0   Section        0  register_work.o(.text.togglePin)
    [Anonymous Symbol]                       0x08001a1c   Section        0  init.o(.text.uartInit)
    [Anonymous Symbol]                       0x08001a9c   Section        0  usart_task.o(.text.usartTask)
    [Anonymous Symbol]                       0x08001b20   Section        0  list.o(.text.uxListRemove)
    [Anonymous Symbol]                       0x08001b68   Section        0  tasks.o(.text.uxTaskGetNumberOfTasks)
    [Anonymous Symbol]                       0x08001b74   Section        0  main.o(.text.vApplicationIdleHook)
    [Anonymous Symbol]                       0x08001b78   Section        0  main.o(.text.vApplicationStackOverflowHook)
    [Anonymous Symbol]                       0x08001b84   Section        0  main.o(.text.vApplicationTickHook)
    [Anonymous Symbol]                       0x08001b88   Section        0  list.o(.text.vListInitialise)
    [Anonymous Symbol]                       0x08001bb8   Section        0  list.o(.text.vListInitialiseItem)
    [Anonymous Symbol]                       0x08001bc8   Section        0  list.o(.text.vListInsert)
    [Anonymous Symbol]                       0x08001c34   Section        0  port.o(.text.vPortEnterCritical)
    [Anonymous Symbol]                       0x08001c64   Section        0  port.o(.text.vPortExitCritical)
    [Anonymous Symbol]                       0x08001c8c   Section        0  heap_4.o(.text.vPortFree)
    [Anonymous Symbol]                       0x08001d04   Section        0  port.o(.text.vPortSetupTimerInterrupt)
    [Anonymous Symbol]                       0x08001d34   Section        0  queue.o(.text.vQueueWaitForMessageRestricted)
    [Anonymous Symbol]                       0x08001d98   Section        0  tasks.o(.text.vTaskDelay)
    [Anonymous Symbol]                       0x08001de4   Section        0  tasks.o(.text.vTaskInternalSetTimeOutState)
    [Anonymous Symbol]                       0x08001e08   Section        0  tasks.o(.text.vTaskMissedYield)
    [Anonymous Symbol]                       0x08001e18   Section        0  tasks.o(.text.vTaskPlaceOnEventList)
    [Anonymous Symbol]                       0x08001e40   Section        0  tasks.o(.text.vTaskPlaceOnEventListRestricted)
    [Anonymous Symbol]                       0x08001ea0   Section        0  tasks.o(.text.vTaskStartScheduler)
    [Anonymous Symbol]                       0x08001f34   Section        0  tasks.o(.text.vTaskSuspendAll)
    __tagsym$$used.0                         0x08001f44   Number         0  tasks.o(.text.vTaskSwitchContext)
    [Anonymous Symbol]                       0x08001f44   Section        0  tasks.o(.text.vTaskSwitchContext)
    [Anonymous Symbol]                       0x08002030   Section        0  port.o(.text.xPortStartScheduler)
    [Anonymous Symbol]                       0x08002070   Section        0  queue.o(.text.xQueueGenericCreate)
    [Anonymous Symbol]                       0x080020f0   Section        0  queue.o(.text.xQueueGenericReset)
    [Anonymous Symbol]                       0x080021c0   Section        0  queue.o(.text.xQueueGenericSend)
    [Anonymous Symbol]                       0x0800232c   Section        0  queue.o(.text.xQueueGenericSendFromISR)
    [Anonymous Symbol]                       0x08002400   Section        0  queue.o(.text.xQueueReceive)
    [Anonymous Symbol]                       0x08002554   Section        0  tasks.o(.text.xTaskCheckForTimeOut)
    [Anonymous Symbol]                       0x080025f0   Section        0  tasks.o(.text.xTaskCreate)
    [Anonymous Symbol]                       0x08002690   Section        0  tasks.o(.text.xTaskGetSchedulerState)
    [Anonymous Symbol]                       0x080026c8   Section        0  tasks.o(.text.xTaskGetTickCount)
    [Anonymous Symbol]                       0x080026dc   Section        0  tasks.o(.text.xTaskGetTickCountFromISR)
    [Anonymous Symbol]                       0x080026f4   Section        0  tasks.o(.text.xTaskIncrementTick)
    [Anonymous Symbol]                       0x08002948   Section        0  tasks.o(.text.xTaskPriorityDisinherit)
    [Anonymous Symbol]                       0x08002a38   Section        0  tasks.o(.text.xTaskRemoveFromEventList)
    [Anonymous Symbol]                       0x08002ba8   Section        0  tasks.o(.text.xTaskResumeAll)
    [Anonymous Symbol]                       0x08002da8   Section        0  timers.o(.text.xTimerCreate)
    [Anonymous Symbol]                       0x08002df4   Section        0  timers.o(.text.xTimerCreateTimerTask)
    [Anonymous Symbol]                       0x08002e44   Section        0  timers.o(.text.xTimerGenericCommand)
    .L.str.1                                 0x08002ed8   Data           6  main.o(.rodata.str1.1)
    [Anonymous Symbol]                       0x08002ed8   Section        0  main.o(.rodata.str1.1)
    .L.str                                   0x08002ede   Data           7  main.o(.rodata.str1.1)
    .L.str.2                                 0x08002ee5   Data           6  main.o(.rodata.str1.1)
    .L.str                                   0x08002eeb   Data           5  tasks.o(.rodata.str1.1)
    [Anonymous Symbol]                       0x08002eeb   Section        0  tasks.o(.rodata.str1.1)
    .L.str                                   0x08002ef0   Data           8  timers.o(.rodata.str1.1)
    [Anonymous Symbol]                       0x08002ef0   Section        0  timers.o(.rodata.str1.1)
    uxCriticalNesting                        0x20000008   Data           4  port.o(.data.uxCriticalNesting)
    [Anonymous Symbol]                       0x20000008   Section        0  port.o(.data.uxCriticalNesting)
    .bss                                     0x20000010   Section       96  libspace.o(.bss)
    prvSampleTimeNow.xLastTime               0x20000078   Data           4  timers.o(.bss.prvSampleTimeNow.xLastTime)
    [Anonymous Symbol]                       0x20000078   Section        0  timers.o(.bss.prvSampleTimeNow.xLastTime)
    __tagsym$$used.1                         0x2000007c   Number         0  tasks.o(.bss.pxCurrentTCB)
    pxCurrentTimerList                       0x20000080   Data           4  timers.o(.bss.pxCurrentTimerList)
    [Anonymous Symbol]                       0x20000080   Section        0  timers.o(.bss.pxCurrentTimerList)
    pxDelayedTaskList                        0x20000084   Data           4  tasks.o(.bss.pxDelayedTaskList)
    [Anonymous Symbol]                       0x20000084   Section        0  tasks.o(.bss.pxDelayedTaskList)
    pxEnd                                    0x20000088   Data           4  heap_4.o(.bss.pxEnd)
    [Anonymous Symbol]                       0x20000088   Section        0  heap_4.o(.bss.pxEnd)
    pxOverflowDelayedTaskList                0x2000008c   Data           4  tasks.o(.bss.pxOverflowDelayedTaskList)
    [Anonymous Symbol]                       0x2000008c   Section        0  tasks.o(.bss.pxOverflowDelayedTaskList)
    pxOverflowTimerList                      0x20000090   Data           4  timers.o(.bss.pxOverflowTimerList)
    [Anonymous Symbol]                       0x20000090   Section        0  timers.o(.bss.pxOverflowTimerList)
    pxReadyTasksLists                        0x20000094   Data         100  tasks.o(.bss.pxReadyTasksLists)
    [Anonymous Symbol]                       0x20000094   Section        0  tasks.o(.bss.pxReadyTasksLists)
    ucHeap                                   0x200000f8   Data       10240  heap_4.o(.bss.ucHeap)
    [Anonymous Symbol]                       0x200000f8   Section        0  heap_4.o(.bss.ucHeap)
    uxCurrentNumberOfTasks                   0x200028f8   Data           4  tasks.o(.bss.uxCurrentNumberOfTasks)
    [Anonymous Symbol]                       0x200028f8   Section        0  tasks.o(.bss.uxCurrentNumberOfTasks)
    uxDeletedTasksWaitingCleanUp             0x200028fc   Data           4  tasks.o(.bss.uxDeletedTasksWaitingCleanUp)
    [Anonymous Symbol]                       0x200028fc   Section        0  tasks.o(.bss.uxDeletedTasksWaitingCleanUp)
    uxSchedulerSuspended                     0x20002900   Data           4  tasks.o(.bss.uxSchedulerSuspended)
    [Anonymous Symbol]                       0x20002900   Section        0  tasks.o(.bss.uxSchedulerSuspended)
    uxTaskNumber                             0x20002904   Data           4  tasks.o(.bss.uxTaskNumber)
    [Anonymous Symbol]                       0x20002904   Section        0  tasks.o(.bss.uxTaskNumber)
    uxTopReadyPriority                       0x20002908   Data           4  tasks.o(.bss.uxTopReadyPriority)
    [Anonymous Symbol]                       0x20002908   Section        0  tasks.o(.bss.uxTopReadyPriority)
    xActiveTimerList1                        0x2000290c   Data          20  timers.o(.bss.xActiveTimerList1)
    [Anonymous Symbol]                       0x2000290c   Section        0  timers.o(.bss.xActiveTimerList1)
    xActiveTimerList2                        0x20002920   Data          20  timers.o(.bss.xActiveTimerList2)
    [Anonymous Symbol]                       0x20002920   Section        0  timers.o(.bss.xActiveTimerList2)
    xDelayedTaskList1                        0x20002934   Data          20  tasks.o(.bss.xDelayedTaskList1)
    [Anonymous Symbol]                       0x20002934   Section        0  tasks.o(.bss.xDelayedTaskList1)
    xDelayedTaskList2                        0x20002948   Data          20  tasks.o(.bss.xDelayedTaskList2)
    [Anonymous Symbol]                       0x20002948   Section        0  tasks.o(.bss.xDelayedTaskList2)
    xFreeBytesRemaining                      0x2000295c   Data           4  heap_4.o(.bss.xFreeBytesRemaining)
    [Anonymous Symbol]                       0x2000295c   Section        0  heap_4.o(.bss.xFreeBytesRemaining)
    xIdleTaskHandle                          0x20002960   Data           4  tasks.o(.bss.xIdleTaskHandle)
    [Anonymous Symbol]                       0x20002960   Section        0  tasks.o(.bss.xIdleTaskHandle)
    xMinimumEverFreeBytesRemaining           0x20002964   Data           4  heap_4.o(.bss.xMinimumEverFreeBytesRemaining)
    [Anonymous Symbol]                       0x20002964   Section        0  heap_4.o(.bss.xMinimumEverFreeBytesRemaining)
    xNextTaskUnblockTime                     0x20002968   Data           4  tasks.o(.bss.xNextTaskUnblockTime)
    [Anonymous Symbol]                       0x20002968   Section        0  tasks.o(.bss.xNextTaskUnblockTime)
    xNumOfOverflows                          0x2000296c   Data           4  tasks.o(.bss.xNumOfOverflows)
    [Anonymous Symbol]                       0x2000296c   Section        0  tasks.o(.bss.xNumOfOverflows)
    xNumberOfSuccessfulAllocations           0x20002970   Data           4  heap_4.o(.bss.xNumberOfSuccessfulAllocations)
    [Anonymous Symbol]                       0x20002970   Section        0  heap_4.o(.bss.xNumberOfSuccessfulAllocations)
    xNumberOfSuccessfulFrees                 0x20002974   Data           4  heap_4.o(.bss.xNumberOfSuccessfulFrees)
    [Anonymous Symbol]                       0x20002974   Section        0  heap_4.o(.bss.xNumberOfSuccessfulFrees)
    xPendedTicks                             0x20002978   Data           4  tasks.o(.bss.xPendedTicks)
    [Anonymous Symbol]                       0x20002978   Section        0  tasks.o(.bss.xPendedTicks)
    xPendingReadyList                        0x2000297c   Data          20  tasks.o(.bss.xPendingReadyList)
    [Anonymous Symbol]                       0x2000297c   Section        0  tasks.o(.bss.xPendingReadyList)
    xSchedulerRunning                        0x20002990   Data           4  tasks.o(.bss.xSchedulerRunning)
    [Anonymous Symbol]                       0x20002990   Section        0  tasks.o(.bss.xSchedulerRunning)
    xStart                                   0x20002994   Data           8  heap_4.o(.bss.xStart)
    [Anonymous Symbol]                       0x20002994   Section        0  heap_4.o(.bss.xStart)
    xSuspendedTaskList                       0x2000299c   Data          20  tasks.o(.bss.xSuspendedTaskList)
    [Anonymous Symbol]                       0x2000299c   Section        0  tasks.o(.bss.xSuspendedTaskList)
    xTasksWaitingTermination                 0x200029b0   Data          20  tasks.o(.bss.xTasksWaitingTermination)
    [Anonymous Symbol]                       0x200029b0   Section        0  tasks.o(.bss.xTasksWaitingTermination)
    xTickCount                               0x200029c4   Data           4  tasks.o(.bss.xTickCount)
    [Anonymous Symbol]                       0x200029c4   Section        0  tasks.o(.bss.xTickCount)
    xTimerQueue                              0x200029c8   Data           4  timers.o(.bss.xTimerQueue)
    [Anonymous Symbol]                       0x200029c8   Section        0  timers.o(.bss.xTimerQueue)
    xTimerTaskHandle                         0x200029cc   Data           4  timers.o(.bss.xTimerTaskHandle)
    [Anonymous Symbol]                       0x200029cc   Section        0  timers.o(.bss.xTimerTaskHandle)
    xYieldPending                            0x200029d0   Data           4  tasks.o(.bss.xYieldPending)
    [Anonymous Symbol]                       0x200029d0   Section        0  tasks.o(.bss.xYieldPending)
    Heap_Mem                                 0x200029d8   Data         512  startup_stm32f10x_md.o(HEAP)
    HEAP                                     0x200029d8   Section      512  startup_stm32f10x_md.o(HEAP)
    Stack_Mem                                0x20002bd8   Data        1024  startup_stm32f10x_md.o(STACK)
    STACK                                    0x20002bd8   Section     1024  startup_stm32f10x_md.o(STACK)
    __initial_sp                             0x20002fd8   Data           0  startup_stm32f10x_md.o(STACK)

    Global Symbols

    Symbol Name                              Value     Ov Type        Size  Object(Section)

    BuildAttributes$$THM_ISAv4$P$D$K$B$S$PE$A:L22UL41UL21$X:L11$S22US41US21$IEEE1$IW$~IW$USESV6$~STKCKD$USESV7$~SHL$OSPACE$ROPI$EBA8$UX$STANDARDLIB$REQ8$PRES8$EABIv2 0x00000000   Number         0  anon$$obj.o ABSOLUTE
    __fp_init_empty                          0x00000000   Number         0  fpinit_empty.o ABSOLUTE
    __ARM_exceptions_init                     - Undefined Weak Reference
    __alloca_initialize                       - Undefined Weak Reference
    __arm_preinit_                            - Undefined Weak Reference
    __arm_relocate_pie_                       - Undefined Weak Reference
    __cpp_initialize__aeabi_                  - Undefined Weak Reference
    __cxa_finalize                            - Undefined Weak Reference
    __rt_locale                               - Undefined Weak Reference
    __sigvec_lookup                           - Undefined Weak Reference
    _atexit_init                              - Undefined Weak Reference
    _call_atexit_fns                          - Undefined Weak Reference
    _clock_init                               - Undefined Weak Reference
    _fp_trap_init                             - Undefined Weak Reference
    _fp_trap_shutdown                         - Undefined Weak Reference
    _get_lc_collate                           - Undefined Weak Reference
    _get_lc_ctype                             - Undefined Weak Reference
    _get_lc_monetary                          - Undefined Weak Reference
    _get_lc_numeric                           - Undefined Weak Reference
    _get_lc_time                              - Undefined Weak Reference
    _getenv_init                              - Undefined Weak Reference
    _handle_redirection                       - Undefined Weak Reference
    _init_alloc                               - Undefined Weak Reference
    _init_user_alloc                          - Undefined Weak Reference
    _initio                                   - Undefined Weak Reference
    _rand_init                                - Undefined Weak Reference
    _signal_finish                            - Undefined Weak Reference
    _signal_init                              - Undefined Weak Reference
    _terminate_alloc                          - Undefined Weak Reference
    _terminate_user_alloc                     - Undefined Weak Reference
    _terminateio                              - Undefined Weak Reference
    __Vectors_Size                           0x000000ec   Number         0  startup_stm32f10x_md.o ABSOLUTE
    __Vectors                                0x08000000   Data           4  startup_stm32f10x_md.o(RESET)
    __Vectors_End                            0x080000ec   Data           0  startup_stm32f10x_md.o(RESET)
    __main                                   0x080000ed   Thumb Code     8  __main.o(!!!main)
    __scatterload                            0x080000f5   Thumb Code     0  __scatter.o(!!!scatter)
    __scatterload_rt2                        0x080000f5   Thumb Code    44  __scatter.o(!!!scatter)
    __scatterload_rt2_thumb_only             0x080000f5   Thumb Code     0  __scatter.o(!!!scatter)
    __scatterload_null                       0x08000103   Thumb Code     0  __scatter.o(!!!scatter)
    __scatterload_copy                       0x08000129   Thumb Code    26  __scatter_copy.o(!!handler_copy)
    __scatterload_zeroinit                   0x08000145   Thumb Code    28  __scatter_zi.o(!!handler_zi)
    __rt_lib_init                            0x08000161   Thumb Code     0  libinit.o(.ARM.Collect$$libinit$$00000000)
    __rt_lib_init_alloca_1                   0x08000163   Thumb Code     0  libinit2.o(.ARM.Collect$$libinit$$00000030)
    __rt_lib_init_argv_1                     0x08000163   Thumb Code     0  libinit2.o(.ARM.Collect$$libinit$$0000002E)
    __rt_lib_init_atexit_1                   0x08000163   Thumb Code     0  libinit2.o(.ARM.Collect$$libinit$$0000001D)
    __rt_lib_init_clock_1                    0x08000163   Thumb Code     0  libinit2.o(.ARM.Collect$$libinit$$00000023)
    __rt_lib_init_cpp_1                      0x08000163   Thumb Code     0  libinit2.o(.ARM.Collect$$libinit$$00000034)
    __rt_lib_init_exceptions_1               0x08000163   Thumb Code     0  libinit2.o(.ARM.Collect$$libinit$$00000032)
    __rt_lib_init_fp_1                       0x08000163   Thumb Code     0  libinit2.o(.ARM.Collect$$libinit$$00000002)
    __rt_lib_init_fp_trap_1                  0x08000163   Thumb Code     0  libinit2.o(.ARM.Collect$$libinit$$00000021)
    __rt_lib_init_getenv_1                   0x08000163   Thumb Code     0  libinit2.o(.ARM.Collect$$libinit$$00000025)
    __rt_lib_init_heap_1                     0x08000163   Thumb Code     0  libinit2.o(.ARM.Collect$$libinit$$0000000C)
    __rt_lib_init_lc_collate_1               0x08000163   Thumb Code     0  libinit2.o(.ARM.Collect$$libinit$$00000013)
    __rt_lib_init_lc_ctype_1                 0x08000163   Thumb Code     0  libinit2.o(.ARM.Collect$$libinit$$00000015)
    __rt_lib_init_lc_monetary_1              0x08000163   Thumb Code     0  libinit2.o(.ARM.Collect$$libinit$$00000017)
    __rt_lib_init_lc_numeric_1               0x08000163   Thumb Code     0  libinit2.o(.ARM.Collect$$libinit$$00000019)
    __rt_lib_init_lc_time_1                  0x08000163   Thumb Code     0  libinit2.o(.ARM.Collect$$libinit$$0000001B)
    __rt_lib_init_preinit_1                  0x08000163   Thumb Code     0  libinit2.o(.ARM.Collect$$libinit$$00000006)
    __rt_lib_init_rand_1                     0x08000163   Thumb Code     0  libinit2.o(.ARM.Collect$$libinit$$00000010)
    __rt_lib_init_relocate_pie_1             0x08000163   Thumb Code     0  libinit2.o(.ARM.Collect$$libinit$$00000004)
    __rt_lib_init_return                     0x08000163   Thumb Code     0  libinit2.o(.ARM.Collect$$libinit$$00000035)
    __rt_lib_init_signal_1                   0x08000163   Thumb Code     0  libinit2.o(.ARM.Collect$$libinit$$0000001F)
    __rt_lib_init_stdio_1                    0x08000163   Thumb Code     0  libinit2.o(.ARM.Collect$$libinit$$00000027)
    __rt_lib_init_user_alloc_1               0x08000163   Thumb Code     0  libinit2.o(.ARM.Collect$$libinit$$0000000E)
    __rt_lib_shutdown                        0x08000165   Thumb Code     0  libshutdown.o(.ARM.Collect$$libshutdown$$00000000)
    __rt_lib_shutdown_cpp_1                  0x08000167   Thumb Code     0  libshutdown2.o(.ARM.Collect$$libshutdown$$00000002)
    __rt_lib_shutdown_fp_trap_1              0x08000167   Thumb Code     0  libshutdown2.o(.ARM.Collect$$libshutdown$$00000007)
    __rt_lib_shutdown_heap_1                 0x08000167   Thumb Code     0  libshutdown2.o(.ARM.Collect$$libshutdown$$0000000F)
    __rt_lib_shutdown_return                 0x08000167   Thumb Code     0  libshutdown2.o(.ARM.Collect$$libshutdown$$00000010)
    __rt_lib_shutdown_signal_1               0x08000167   Thumb Code     0  libshutdown2.o(.ARM.Collect$$libshutdown$$0000000A)
    __rt_lib_shutdown_stdio_1                0x08000167   Thumb Code     0  libshutdown2.o(.ARM.Collect$$libshutdown$$00000004)
    __rt_lib_shutdown_user_alloc_1           0x08000167   Thumb Code     0  libshutdown2.o(.ARM.Collect$$libshutdown$$0000000C)
    __rt_entry                               0x08000169   Thumb Code     0  __rtentry.o(.ARM.Collect$$rtentry$$00000000)
    __rt_entry_presh_1                       0x08000169   Thumb Code     0  __rtentry2.o(.ARM.Collect$$rtentry$$00000002)
    __rt_entry_sh                            0x08000169   Thumb Code     0  __rtentry4.o(.ARM.Collect$$rtentry$$00000004)
    __rt_entry_li                            0x0800016f   Thumb Code     0  __rtentry2.o(.ARM.Collect$$rtentry$$0000000A)
    __rt_entry_postsh_1                      0x0800016f   Thumb Code     0  __rtentry2.o(.ARM.Collect$$rtentry$$00000009)
    __rt_entry_main                          0x08000173   Thumb Code     0  __rtentry2.o(.ARM.Collect$$rtentry$$0000000D)
    __rt_entry_postli_1                      0x08000173   Thumb Code     0  __rtentry2.o(.ARM.Collect$$rtentry$$0000000C)
    __rt_exit                                0x0800017b   Thumb Code     0  rtexit.o(.ARM.Collect$$rtexit$$00000000)
    __rt_exit_ls                             0x0800017d   Thumb Code     0  rtexit2.o(.ARM.Collect$$rtexit$$00000003)
    __rt_exit_prels_1                        0x0800017d   Thumb Code     0  rtexit2.o(.ARM.Collect$$rtexit$$00000002)
    __rt_exit_exit                           0x08000181   Thumb Code     0  rtexit2.o(.ARM.Collect$$rtexit$$00000004)
    Reset_Handler                            0x08000189   Thumb Code     8  startup_stm32f10x_md.o(.text)
    NMI_Handler                              0x08000191   Thumb Code     2  startup_stm32f10x_md.o(.text)
    HardFault_Handler                        0x08000193   Thumb Code     2  startup_stm32f10x_md.o(.text)
    MemManage_Handler                        0x08000195   Thumb Code     2  startup_stm32f10x_md.o(.text)
    BusFault_Handler                         0x08000197   Thumb Code     2  startup_stm32f10x_md.o(.text)
    UsageFault_Handler                       0x08000199   Thumb Code     2  startup_stm32f10x_md.o(.text)
    DebugMon_Handler                         0x0800019d   Thumb Code     2  startup_stm32f10x_md.o(.text)
    ADC1_2_IRQHandler                        0x080001a3   Thumb Code     0  startup_stm32f10x_md.o(.text)
    CAN1_RX1_IRQHandler                      0x080001a3   Thumb Code     0  startup_stm32f10x_md.o(.text)
    CAN1_SCE_IRQHandler                      0x080001a3   Thumb Code     0  startup_stm32f10x_md.o(.text)
    DMA1_Channel1_IRQHandler                 0x080001a3   Thumb Code     0  startup_stm32f10x_md.o(.text)
    DMA1_Channel2_IRQHandler                 0x080001a3   Thumb Code     0  startup_stm32f10x_md.o(.text)
    DMA1_Channel3_IRQHandler                 0x080001a3   Thumb Code     0  startup_stm32f10x_md.o(.text)
    DMA1_Channel4_IRQHandler                 0x080001a3   Thumb Code     0  startup_stm32f10x_md.o(.text)
    DMA1_Channel5_IRQHandler                 0x080001a3   Thumb Code     0  startup_stm32f10x_md.o(.text)
    DMA1_Channel6_IRQHandler                 0x080001a3   Thumb Code     0  startup_stm32f10x_md.o(.text)
    DMA1_Channel7_IRQHandler                 0x080001a3   Thumb Code     0  startup_stm32f10x_md.o(.text)
    EXTI15_10_IRQHandler                     0x080001a3   Thumb Code     0  startup_stm32f10x_md.o(.text)
    EXTI1_IRQHandler                         0x080001a3   Thumb Code     0  startup_stm32f10x_md.o(.text)
    EXTI2_IRQHandler                         0x080001a3   Thumb Code     0  startup_stm32f10x_md.o(.text)
    EXTI3_IRQHandler                         0x080001a3   Thumb Code     0  startup_stm32f10x_md.o(.text)
    EXTI4_IRQHandler                         0x080001a3   Thumb Code     0  startup_stm32f10x_md.o(.text)
    EXTI9_5_IRQHandler                       0x080001a3   Thumb Code     0  startup_stm32f10x_md.o(.text)
    FLASH_IRQHandler                         0x080001a3   Thumb Code     0  startup_stm32f10x_md.o(.text)
    I2C1_ER_IRQHandler                       0x080001a3   Thumb Code     0  startup_stm32f10x_md.o(.text)
    I2C1_EV_IRQHandler                       0x080001a3   Thumb Code     0  startup_stm32f10x_md.o(.text)
    I2C2_ER_IRQHandler                       0x080001a3   Thumb Code     0  startup_stm32f10x_md.o(.text)
    I2C2_EV_IRQHandler                       0x080001a3   Thumb Code     0  startup_stm32f10x_md.o(.text)
    PVD_IRQHandler                           0x080001a3   Thumb Code     0  startup_stm32f10x_md.o(.text)
    RCC_IRQHandler                           0x080001a3   Thumb Code     0  startup_stm32f10x_md.o(.text)
    RTCAlarm_IRQHandler                      0x080001a3   Thumb Code     0  startup_stm32f10x_md.o(.text)
    RTC_IRQHandler                           0x080001a3   Thumb Code     0  startup_stm32f10x_md.o(.text)
    SPI1_IRQHandler                          0x080001a3   Thumb Code     0  startup_stm32f10x_md.o(.text)
    SPI2_IRQHandler                          0x080001a3   Thumb Code     0  startup_stm32f10x_md.o(.text)
    TAMPER_IRQHandler                        0x080001a3   Thumb Code     0  startup_stm32f10x_md.o(.text)
    TIM1_BRK_IRQHandler                      0x080001a3   Thumb Code     0  startup_stm32f10x_md.o(.text)
    TIM1_CC_IRQHandler                       0x080001a3   Thumb Code     0  startup_stm32f10x_md.o(.text)
    TIM1_TRG_COM_IRQHandler                  0x080001a3   Thumb Code     0  startup_stm32f10x_md.o(.text)
    TIM1_UP_IRQHandler                       0x080001a3   Thumb Code     0  startup_stm32f10x_md.o(.text)
    TIM2_IRQHandler                          0x080001a3   Thumb Code     0  startup_stm32f10x_md.o(.text)
    TIM3_IRQHandler                          0x080001a3   Thumb Code     0  startup_stm32f10x_md.o(.text)
    TIM4_IRQHandler                          0x080001a3   Thumb Code     0  startup_stm32f10x_md.o(.text)
    USART2_IRQHandler                        0x080001a3   Thumb Code     0  startup_stm32f10x_md.o(.text)
    USART3_IRQHandler                        0x080001a3   Thumb Code     0  startup_stm32f10x_md.o(.text)
    USBWakeUp_IRQHandler                     0x080001a3   Thumb Code     0  startup_stm32f10x_md.o(.text)
    USB_HP_CAN1_TX_IRQHandler                0x080001a3   Thumb Code     0  startup_stm32f10x_md.o(.text)
    USB_LP_CAN1_RX0_IRQHandler               0x080001a3   Thumb Code     0  startup_stm32f10x_md.o(.text)
    WWDG_IRQHandler                          0x080001a3   Thumb Code     0  startup_stm32f10x_md.o(.text)
    __user_initial_stackheap                 0x080001a5   Thumb Code     0  startup_stm32f10x_md.o(.text)
    __aeabi_memcpy                           0x080001c9   Thumb Code     0  rt_memcpy_v6.o(.text)
    __rt_memcpy                              0x080001c9   Thumb Code   138  rt_memcpy_v6.o(.text)
    _memcpy_lastbytes                        0x0800022f   Thumb Code     0  rt_memcpy_v6.o(.text)
    __aeabi_memset4                          0x08000253   Thumb Code    16  aeabi_memset4.o(.text)
    __aeabi_memset8                          0x08000253   Thumb Code     0  aeabi_memset4.o(.text)
    __aeabi_memclr                           0x08000263   Thumb Code     0  rt_memclr.o(.text)
    __rt_memclr                              0x08000263   Thumb Code     0  rt_memclr.o(.text)
    _memset                                  0x08000267   Thumb Code    64  rt_memclr.o(.text)
    __aeabi_memclr4                          0x080002a7   Thumb Code     0  rt_memclr_w.o(.text)
    __aeabi_memclr8                          0x080002a7   Thumb Code     0  rt_memclr_w.o(.text)
    __rt_memclr_w                            0x080002a7   Thumb Code     0  rt_memclr_w.o(.text)
    _memset_w                                0x080002ab   Thumb Code    74  rt_memclr_w.o(.text)
    __use_two_region_memory                  0x080002f5   Thumb Code     2  heapauxi.o(.text)
    __rt_heap_escrow$2region                 0x080002f7   Thumb Code     2  heapauxi.o(.text)
    __rt_heap_expand$2region                 0x080002f9   Thumb Code     2  heapauxi.o(.text)
    __aeabi_memcpy4                          0x080002fb   Thumb Code     0  rt_memcpy_w.o(.text)
    __aeabi_memcpy8                          0x080002fb   Thumb Code     0  rt_memcpy_w.o(.text)
    __rt_memcpy_w                            0x080002fb   Thumb Code   100  rt_memcpy_w.o(.text)
    _memcpy_lastbytes_aligned                0x08000343   Thumb Code     0  rt_memcpy_w.o(.text)
    __user_setup_stackheap                   0x0800035f   Thumb Code    74  sys_stackheap_outer.o(.text)
    exit                                     0x080003a9   Thumb Code    18  exit.o(.text)
    __user_libspace                          0x080003bd   Thumb Code     8  libspace.o(.text)
    __user_perproc_libspace                  0x080003bd   Thumb Code     0  libspace.o(.text)
    __user_perthread_libspace                0x080003bd   Thumb Code     0  libspace.o(.text)
    _sys_exit                                0x080003c5   Thumb Code     8  sys_exit.o(.text)
    __I$use$semihosting                      0x080003d1   Thumb Code     0  use_no_semi.o(.text)
    __use_no_semihosting_swi                 0x080003d1   Thumb Code     2  use_no_semi.o(.text)
    __semihosting_library_function           0x080003d3   Thumb Code     0  indicate_semi.o(.text)
    EXTI0_IRQHandler                         0x080003d5   Thumb Code    56  main.o(.text.EXTI0_IRQHandler)
    PendSV_Handler                           0x08000411   Thumb Code    68  port.o(.text.PendSV_Handler)
    SVC_Handler                              0x08000461   Thumb Code    36  port.o(.text.SVC_Handler)
    SysTick_Handler                          0x080005b1   Thumb Code    60  port.o(.text.SysTick_Handler)
    SystemInit                               0x080005ed   Thumb Code   102  system_stm32f10x.o(.text.SystemInit)
    USART1_IRQHandler                        0x08000655   Thumb Code    64  main.o(.text.USART1_IRQHandler)
    addItemInArray                           0x080006c5   Thumb Code    84  usart_task.o(.text.addItemInArray)
    bTimerCallback                           0x08000719   Thumb Code    50  main.o(.text.bTimerCallback)
    blinkTask                                0x0800074d   Thumb Code    38  led_task.o(.text.blinkTask)
    extiInit                                 0x08000775   Thumb Code   150  init.o(.text.extiInit)
    main                                     0x0800080d   Thumb Code   142  main.o(.text.main)
    portInit                                 0x0800089d   Thumb Code    58  init.o(.text.portInit)
    pvPortMalloc                             0x08001659   Thumb Code   390  heap_4.o(.text.pvPortMalloc)
    pxPortInitialiseStack                    0x080017e1   Thumb Code    80  port.o(.text.pxPortInitialiseStack)
    rccInit                                  0x08001831   Thumb Code   190  init.o(.text.rccInit)
    resetPin                                 0x080018f1   Thumb Code    26  register_work.o(.text.resetPin)
    sendMessage                              0x0800190d   Thumb Code    82  usart_task.o(.text.sendMessage)
    setPin                                   0x08001961   Thumb Code    26  register_work.o(.text.setPin)
    setRegister16                            0x0800197d   Thumb Code    32  register_work.o(.text.setRegister16)
    setRegister32                            0x0800199d   Thumb Code    32  register_work.o(.text.setRegister32)
    setZerosInArray                          0x080019bd   Thumb Code    52  usart_task.o(.text.setZerosInArray)
    togglePin                                0x080019f1   Thumb Code    44  register_work.o(.text.togglePin)
    uartInit                                 0x08001a1d   Thumb Code   126  init.o(.text.uartInit)
    usartTask                                0x08001a9d   Thumb Code   130  usart_task.o(.text.usartTask)
    uxListRemove                             0x08001b21   Thumb Code    72  list.o(.text.uxListRemove)
    uxTaskGetNumberOfTasks                   0x08001b69   Thumb Code    12  tasks.o(.text.uxTaskGetNumberOfTasks)
    vApplicationIdleHook                     0x08001b75   Thumb Code     2  main.o(.text.vApplicationIdleHook)
    vApplicationStackOverflowHook            0x08001b79   Thumb Code    10  main.o(.text.vApplicationStackOverflowHook)
    vApplicationTickHook                     0x08001b85   Thumb Code     2  main.o(.text.vApplicationTickHook)
    vListInitialise                          0x08001b89   Thumb Code    46  list.o(.text.vListInitialise)
    vListInitialiseItem                      0x08001bb9   Thumb Code    14  list.o(.text.vListInitialiseItem)
    vListInsert                              0x08001bc9   Thumb Code   106  list.o(.text.vListInsert)
    vPortEnterCritical                       0x08001c35   Thumb Code    48  port.o(.text.vPortEnterCritical)
    vPortExitCritical                        0x08001c65   Thumb Code    38  port.o(.text.vPortExitCritical)
    vPortFree                                0x08001c8d   Thumb Code   118  heap_4.o(.text.vPortFree)
    vPortSetupTimerInterrupt                 0x08001d05   Thumb Code    46  port.o(.text.vPortSetupTimerInterrupt)
    vQueueWaitForMessageRestricted           0x08001d35   Thumb Code   100  queue.o(.text.vQueueWaitForMessageRestricted)
    vTaskDelay                               0x08001d99   Thumb Code    74  tasks.o(.text.vTaskDelay)
    vTaskInternalSetTimeOutState             0x08001de5   Thumb Code    36  tasks.o(.text.vTaskInternalSetTimeOutState)
    vTaskMissedYield                         0x08001e09   Thumb Code    14  tasks.o(.text.vTaskMissedYield)
    vTaskPlaceOnEventList                    0x08001e19   Thumb Code    38  tasks.o(.text.vTaskPlaceOnEventList)
    vTaskPlaceOnEventListRestricted          0x08001e41   Thumb Code    96  tasks.o(.text.vTaskPlaceOnEventListRestricted)
    vTaskStartScheduler                      0x08001ea1   Thumb Code   148  tasks.o(.text.vTaskStartScheduler)
    vTaskSuspendAll                          0x08001f35   Thumb Code    16  tasks.o(.text.vTaskSuspendAll)
    vTaskSwitchContext                       0x08001f45   Thumb Code   236  tasks.o(.text.vTaskSwitchContext)
    xPortStartScheduler                      0x08002031   Thumb Code    64  port.o(.text.xPortStartScheduler)
    xQueueGenericCreate                      0x08002071   Thumb Code   126  queue.o(.text.xQueueGenericCreate)
    xQueueGenericReset                       0x080020f1   Thumb Code   208  queue.o(.text.xQueueGenericReset)
    xQueueGenericSend                        0x080021c1   Thumb Code   362  queue.o(.text.xQueueGenericSend)
    xQueueGenericSendFromISR                 0x0800232d   Thumb Code   210  queue.o(.text.xQueueGenericSendFromISR)
    xQueueReceive                            0x08002401   Thumb Code   338  queue.o(.text.xQueueReceive)
    xTaskCheckForTimeOut                     0x08002555   Thumb Code   154  tasks.o(.text.xTaskCheckForTimeOut)
    xTaskCreate                              0x080025f1   Thumb Code   160  tasks.o(.text.xTaskCreate)
    xTaskGetSchedulerState                   0x08002691   Thumb Code    56  tasks.o(.text.xTaskGetSchedulerState)
    xTaskGetTickCount                        0x080026c9   Thumb Code    20  tasks.o(.text.xTaskGetTickCount)
    xTaskGetTickCountFromISR                 0x080026dd   Thumb Code    24  tasks.o(.text.xTaskGetTickCountFromISR)
    xTaskIncrementTick                       0x080026f5   Thumb Code   596  tasks.o(.text.xTaskIncrementTick)
    xTaskPriorityDisinherit                  0x08002949   Thumb Code   240  tasks.o(.text.xTaskPriorityDisinherit)
    xTaskRemoveFromEventList                 0x08002a39   Thumb Code   368  tasks.o(.text.xTaskRemoveFromEventList)
    xTaskResumeAll                           0x08002ba9   Thumb Code   510  tasks.o(.text.xTaskResumeAll)
    xTimerCreate                             0x08002da9   Thumb Code    74  timers.o(.text.xTimerCreate)
    xTimerCreateTimerTask                    0x08002df5   Thumb Code    80  timers.o(.text.xTimerCreateTimerTask)
    xTimerGenericCommand                     0x08002e45   Thumb Code   148  timers.o(.text.xTimerGenericCommand)
    uxTopUsedPriority                        0x08002ef8   Data           4  tasks.o(.rodata.uxTopUsedPriority)
    Region$$Table$$Base                      0x08002efc   Number         0  anon$$obj.o(Region$$Table)
    Region$$Table$$Limit                     0x08002f1c   Number         0  anon$$obj.o(Region$$Table)
    ledC                                     0x20000000   Data           8  main.o(.data.ledC)
    __libspace_start                         0x20000010   Data          96  libspace.o(.bss)
    __temporary_stack_top$libspace           0x20000070   Data           0  libspace.o(.bss)
    buttonTimer                              0x20000070   Data           4  main.o(.bss.buttonTimer)
    dataFromUart                             0x20000074   Data           4  main.o(.bss.dataFromUart)
    pxCurrentTCB                             0x2000007c   Data           4  tasks.o(.bss.pxCurrentTCB)



==============================================================================

Memory Map of the image

  Image Entry point : 0x080000ed

  Load Region LR_IROM1 (Base: 0x08000000, Size: 0x00002f30, Max: 0x00010000, ABSOLUTE)

    Execution Region ER_IROM1 (Exec base: 0x08000000, Load base: 0x08000000, Size: 0x00002f1c, Max: 0x00010000, ABSOLUTE)

    Exec Addr    Load Addr    Size         Type   Attr      Idx    E Section Name        Object

    0x08000000   0x08000000   0x000000ec   Data   RO          544    RESET               startup_stm32f10x_md.o
    0x080000ec   0x080000ec   0x00000008   Code   RO          580  * !!!main             c_w.l(__main.o)
    0x080000f4   0x080000f4   0x00000034   Code   RO          747    !!!scatter          c_w.l(__scatter.o)
    0x08000128   0x08000128   0x0000001a   Code   RO          749    !!handler_copy      c_w.l(__scatter_copy.o)
    0x08000142   0x08000142   0x00000002   PAD
    0x08000144   0x08000144   0x0000001c   Code   RO          751    !!handler_zi        c_w.l(__scatter_zi.o)
    0x08000160   0x08000160   0x00000002   Code   RO          609    .ARM.Collect$$libinit$$00000000  c_w.l(libinit.o)
    0x08000162   0x08000162   0x00000000   Code   RO          616    .ARM.Collect$$libinit$$00000002  c_w.l(libinit2.o)
    0x08000162   0x08000162   0x00000000   Code   RO          618    .ARM.Collect$$libinit$$00000004  c_w.l(libinit2.o)
    0x08000162   0x08000162   0x00000000   Code   RO          620    .ARM.Collect$$libinit$$00000006  c_w.l(libinit2.o)
    0x08000162   0x08000162   0x00000000   Code   RO          623    .ARM.Collect$$libinit$$0000000C  c_w.l(libinit2.o)
    0x08000162   0x08000162   0x00000000   Code   RO          625    .ARM.Collect$$libinit$$0000000E  c_w.l(libinit2.o)
    0x08000162   0x08000162   0x00000000   Code   RO          627    .ARM.Collect$$libinit$$00000010  c_w.l(libinit2.o)
    0x08000162   0x08000162   0x00000000   Code   RO          630    .ARM.Collect$$libinit$$00000013  c_w.l(libinit2.o)
    0x08000162   0x08000162   0x00000000   Code   RO          632    .ARM.Collect$$libinit$$00000015  c_w.l(libinit2.o)
    0x08000162   0x08000162   0x00000000   Code   RO          634    .ARM.Collect$$libinit$$00000017  c_w.l(libinit2.o)
    0x08000162   0x08000162   0x00000000   Code   RO          636    .ARM.Collect$$libinit$$00000019  c_w.l(libinit2.o)
    0x08000162   0x08000162   0x00000000   Code   RO          638    .ARM.Collect$$libinit$$0000001B  c_w.l(libinit2.o)
    0x08000162   0x08000162   0x00000000   Code   RO          640    .ARM.Collect$$libinit$$0000001D  c_w.l(libinit2.o)
    0x08000162   0x08000162   0x00000000   Code   RO          642    .ARM.Collect$$libinit$$0000001F  c_w.l(libinit2.o)
    0x08000162   0x08000162   0x00000000   Code   RO          644    .ARM.Collect$$libinit$$00000021  c_w.l(libinit2.o)
    0x08000162   0x08000162   0x00000000   Code   RO          646    .ARM.Collect$$libinit$$00000023  c_w.l(libinit2.o)
    0x08000162   0x08000162   0x00000000   Code   RO          648    .ARM.Collect$$libinit$$00000025  c_w.l(libinit2.o)
    0x08000162   0x08000162   0x00000000   Code   RO          650    .ARM.Collect$$libinit$$00000027  c_w.l(libinit2.o)
    0x08000162   0x08000162   0x00000000   Code   RO          654    .ARM.Collect$$libinit$$0000002E  c_w.l(libinit2.o)
    0x08000162   0x08000162   0x00000000   Code   RO          656    .ARM.Collect$$libinit$$00000030  c_w.l(libinit2.o)
    0x08000162   0x08000162   0x00000000   Code   RO          658    .ARM.Collect$$libinit$$00000032  c_w.l(libinit2.o)
    0x08000162   0x08000162   0x00000000   Code   RO          660    .ARM.Collect$$libinit$$00000034  c_w.l(libinit2.o)
    0x08000162   0x08000162   0x00000002   Code   RO          661    .ARM.Collect$$libinit$$00000035  c_w.l(libinit2.o)
    0x08000164   0x08000164   0x00000002   Code   RO          683    .ARM.Collect$$libshutdown$$00000000  c_w.l(libshutdown.o)
    0x08000166   0x08000166   0x00000000   Code   RO          698    .ARM.Collect$$libshutdown$$00000002  c_w.l(libshutdown2.o)
    0x08000166   0x08000166   0x00000000   Code   RO          700    .ARM.Collect$$libshutdown$$00000004  c_w.l(libshutdown2.o)
    0x08000166   0x08000166   0x00000000   Code   RO          703    .ARM.Collect$$libshutdown$$00000007  c_w.l(libshutdown2.o)
    0x08000166   0x08000166   0x00000000   Code   RO          706    .ARM.Collect$$libshutdown$$0000000A  c_w.l(libshutdown2.o)
    0x08000166   0x08000166   0x00000000   Code   RO          708    .ARM.Collect$$libshutdown$$0000000C  c_w.l(libshutdown2.o)
    0x08000166   0x08000166   0x00000000   Code   RO          711    .ARM.Collect$$libshutdown$$0000000F  c_w.l(libshutdown2.o)
    0x08000166   0x08000166   0x00000002   Code   RO          712    .ARM.Collect$$libshutdown$$00000010  c_w.l(libshutdown2.o)
    0x08000168   0x08000168   0x00000000   Code   RO          582    .ARM.Collect$$rtentry$$00000000  c_w.l(__rtentry.o)
    0x08000168   0x08000168   0x00000000   Code   RO          586    .ARM.Collect$$rtentry$$00000002  c_w.l(__rtentry2.o)
    0x08000168   0x08000168   0x00000006   Code   RO          598    .ARM.Collect$$rtentry$$00000004  c_w.l(__rtentry4.o)
    0x0800016e   0x0800016e   0x00000000   Code   RO          588    .ARM.Collect$$rtentry$$00000009  c_w.l(__rtentry2.o)
    0x0800016e   0x0800016e   0x00000004   Code   RO          589    .ARM.Collect$$rtentry$$0000000A  c_w.l(__rtentry2.o)
    0x08000172   0x08000172   0x00000000   Code   RO          591    .ARM.Collect$$rtentry$$0000000C  c_w.l(__rtentry2.o)
    0x08000172   0x08000172   0x00000008   Code   RO          592    .ARM.Collect$$rtentry$$0000000D  c_w.l(__rtentry2.o)
    0x0800017a   0x0800017a   0x00000002   Code   RO          613    .ARM.Collect$$rtexit$$00000000  c_w.l(rtexit.o)
    0x0800017c   0x0800017c   0x00000000   Code   RO          663    .ARM.Collect$$rtexit$$00000002  c_w.l(rtexit2.o)
    0x0800017c   0x0800017c   0x00000004   Code   RO          664    .ARM.Collect$$rtexit$$00000003  c_w.l(rtexit2.o)
    0x08000180   0x08000180   0x00000006   Code   RO          665    .ARM.Collect$$rtexit$$00000004  c_w.l(rtexit2.o)
    0x08000186   0x08000186   0x00000002   PAD
    0x08000188   0x08000188   0x00000040   Code   RO          545    .text               startup_stm32f10x_md.o
    0x080001c8   0x080001c8   0x0000008a   Code   RO          570    .text               c_w.l(rt_memcpy_v6.o)
    0x08000252   0x08000252   0x00000010   Code   RO          572    .text               c_w.l(aeabi_memset4.o)
    0x08000262   0x08000262   0x00000044   Code   RO          574    .text               c_w.l(rt_memclr.o)
    0x080002a6   0x080002a6   0x0000004e   Code   RO          576    .text               c_w.l(rt_memclr_w.o)
    0x080002f4   0x080002f4   0x00000006   Code   RO          578    .text               c_w.l(heapauxi.o)
    0x080002fa   0x080002fa   0x00000064   Code   RO          583    .text               c_w.l(rt_memcpy_w.o)
    0x0800035e   0x0800035e   0x0000004a   Code   RO          600    .text               c_w.l(sys_stackheap_outer.o)
    0x080003a8   0x080003a8   0x00000012   Code   RO          602    .text               c_w.l(exit.o)
    0x080003ba   0x080003ba   0x00000002   PAD
    0x080003bc   0x080003bc   0x00000008   Code   RO          610    .text               c_w.l(libspace.o)
    0x080003c4   0x080003c4   0x0000000c   Code   RO          673    .text               c_w.l(sys_exit.o)
    0x080003d0   0x080003d0   0x00000002   Code   RO          688    .text               c_w.l(use_no_semi.o)
    0x080003d2   0x080003d2   0x00000000   Code   RO          690    .text               c_w.l(indicate_semi.o)
    0x080003d2   0x080003d2   0x00000002   PAD
    0x080003d4   0x080003d4   0x00000038   Code   RO           35    .text.EXTI0_IRQHandler  main.o
    0x0800040c   0x0800040c   0x00000004   PAD
    0x08000410   0x08000410   0x00000044   Code   RO          531    .text.PendSV_Handler  port.o
    0x08000454   0x08000454   0x0000000c   PAD
    0x08000460   0x08000460   0x00000024   Code   RO          517    .text.SVC_Handler   port.o
    0x08000484   0x08000484   0x00000008   Code   RO          554    .text.SetSysClock   system_stm32f10x.o
    0x0800048c   0x0800048c   0x00000122   Code   RO          558    .text.SetSysClockTo72  system_stm32f10x.o
    0x080005ae   0x080005ae   0x00000002   PAD
    0x080005b0   0x080005b0   0x0000003c   Code   RO          533    .text.SysTick_Handler  port.o
    0x080005ec   0x080005ec   0x00000066   Code   RO          552    .text.SystemInit    system_stm32f10x.o
    0x08000652   0x08000652   0x00000002   PAD
    0x08000654   0x08000654   0x00000040   Code   RO           33    .text.USART1_IRQHandler  main.o
    0x08000694   0x08000694   0x00000030   Code   RO            8    .text.__NVIC_EnableIRQ  init.o
    0x080006c4   0x080006c4   0x00000054   Code   RO           76    .text.addItemInArray  usart_task.o
    0x08000718   0x08000718   0x00000032   Code   RO           29    .text.bTimerCallback  main.o
    0x0800074a   0x0800074a   0x00000002   PAD
    0x0800074c   0x0800074c   0x00000026   Code   RO           66    .text.blinkTask     led_task.o
    0x08000772   0x08000772   0x00000002   PAD
    0x08000774   0x08000774   0x00000096   Code   RO           10    .text.extiInit      init.o
    0x0800080a   0x0800080a   0x00000002   PAD
    0x0800080c   0x0800080c   0x0000008e   Code   RO           31    .text.main          main.o
    0x0800089a   0x0800089a   0x00000002   PAD
    0x0800089c   0x0800089c   0x0000003a   Code   RO            4    .text.portInit      init.o
    0x080008d6   0x080008d6   0x00000002   PAD
    0x080008d8   0x080008d8   0x0000011a   Code   RO          312    .text.prvAddCurrentTaskToDelayedList  tasks.o
    0x080009f2   0x080009f2   0x00000002   PAD
    0x080009f4   0x080009f4   0x00000154   Code   RO          300    .text.prvAddNewTaskToReadyList  tasks.o
    0x08000b48   0x08000b48   0x0000006a   Code   RO          448    .text.prvCheckForValidListAndQueue  timers.o
    0x08000bb2   0x08000bb2   0x00000002   PAD
    0x08000bb4   0x08000bb4   0x0000005a   Code   RO          414    .text.prvCheckTasksWaitingTermination  tasks.o
    0x08000c0e   0x08000c0e   0x00000002   PAD
    0x08000c10   0x08000c10   0x00000042   Code   RO          202    .text.prvCopyDataFromQueue  queue.o
    0x08000c52   0x08000c52   0x00000002   PAD
    0x08000c54   0x08000c54   0x000000cc   Code   RO          190    .text.prvCopyDataToQueue  queue.o
    0x08000d20   0x08000d20   0x00000018   Code   RO          306    .text.prvDeleteTCB  tasks.o
    0x08000d38   0x08000d38   0x00000040   Code   RO          482    .text.prvGetNextExpireTime  timers.o
    0x08000d78   0x08000d78   0x000000ae   Code   RO          123    .text.prvHeapInit   heap_4.o
    0x08000e26   0x08000e26   0x00000002   PAD
    0x08000e28   0x08000e28   0x0000003c   Code   RO          338    .text.prvIdleTask   tasks.o
    0x08000e64   0x08000e64   0x00000048   Code   RO          174    .text.prvInitialiseNewQueue  queue.o
    0x08000eac   0x08000eac   0x000000e6   Code   RO          298    .text.prvInitialiseNewTask  tasks.o
    0x08000f92   0x08000f92   0x00000002   PAD
    0x08000f94   0x08000f94   0x00000052   Code   RO          454    .text.prvInitialiseNewTimer  timers.o
    0x08000fe6   0x08000fe6   0x00000002   PAD
    0x08000fe8   0x08000fe8   0x0000008e   Code   RO          412    .text.prvInitialiseTaskLists  tasks.o
    0x08001076   0x08001076   0x00000002   PAD
    0x08001078   0x08001078   0x000000c6   Code   RO          125    .text.prvInsertBlockIntoFreeList  heap_4.o
    0x0800113e   0x0800113e   0x00000002   PAD
    0x08001140   0x08001140   0x00000086   Code   RO          496    .text.prvInsertTimerInActiveList  timers.o
    0x080011c6   0x080011c6   0x00000002   PAD
    0x080011c8   0x080011c8   0x00000028   Code   RO          204    .text.prvIsQueueEmpty  queue.o
    0x080011f0   0x080011f0   0x0000002e   Code   RO          192    .text.prvIsQueueFull  queue.o
    0x0800121e   0x0800121e   0x00000002   PAD
    0x08001220   0x08001220   0x00000020   Code   RO          523    .text.prvPortStartFirstTask  port.o
    0x08001240   0x08001240   0x00000054   Code   RO          490    .text.prvProcessExpiredTimer  timers.o
    0x08001294   0x08001294   0x00000126   Code   RO          486    .text.prvProcessReceivedCommands  timers.o
    0x080013ba   0x080013ba   0x00000002   PAD
    0x080013bc   0x080013bc   0x0000009a   Code   RO          484    .text.prvProcessTimerOrBlockTask  timers.o
    0x08001456   0x08001456   0x00000002   PAD
    0x08001458   0x08001458   0x00000034   Code   RO          494    .text.prvReloadTimer  timers.o
    0x0800148c   0x0800148c   0x0000003c   Code   RO          304    .text.prvResetNextTaskUnblockTime  tasks.o
    0x080014c8   0x080014c8   0x00000044   Code   RO          488    .text.prvSampleTimeNow  timers.o
    0x0800150c   0x0800150c   0x00000052   Code   RO          492    .text.prvSwitchTimerLists  timers.o
    0x0800155e   0x0800155e   0x00000002   PAD
    0x08001560   0x08001560   0x00000026   Code   RO          515    .text.prvTaskExitError  port.o
    0x08001586   0x08001586   0x00000002   PAD
    0x08001588   0x08001588   0x0000001e   Code   RO          450    .text.prvTimerTask  timers.o
    0x080015a6   0x080015a6   0x00000002   PAD
    0x080015a8   0x080015a8   0x000000ae   Code   RO          194    .text.prvUnlockQueue  queue.o
    0x08001656   0x08001656   0x00000002   PAD
    0x08001658   0x08001658   0x00000186   Code   RO          121    .text.pvPortMalloc  heap_4.o
    0x080017de   0x080017de   0x00000002   PAD
    0x080017e0   0x080017e0   0x00000050   Code   RO          513    .text.pxPortInitialiseStack  port.o
    0x08001830   0x08001830   0x000000be   Code   RO            2    .text.rccInit       init.o
    0x080018ee   0x080018ee   0x00000002   PAD
    0x080018f0   0x080018f0   0x0000001a   Code   RO           55    .text.resetPin      register_work.o
    0x0800190a   0x0800190a   0x00000002   PAD
    0x0800190c   0x0800190c   0x00000052   Code   RO           78    .text.sendMessage   usart_task.o
    0x0800195e   0x0800195e   0x00000002   PAD
    0x08001960   0x08001960   0x0000001a   Code   RO           53    .text.setPin        register_work.o
    0x0800197a   0x0800197a   0x00000002   PAD
    0x0800197c   0x0800197c   0x00000020   Code   RO           51    .text.setRegister16  register_work.o
    0x0800199c   0x0800199c   0x00000020   Code   RO           49    .text.setRegister32  register_work.o
    0x080019bc   0x080019bc   0x00000034   Code   RO           74    .text.setZerosInArray  usart_task.o
    0x080019f0   0x080019f0   0x0000002c   Code   RO           57    .text.togglePin     register_work.o
    0x08001a1c   0x08001a1c   0x0000007e   Code   RO            6    .text.uartInit      init.o
    0x08001a9a   0x08001a9a   0x00000002   PAD
    0x08001a9c   0x08001a9c   0x00000082   Code   RO           80    .text.usartTask     usart_task.o
    0x08001b1e   0x08001b1e   0x00000002   PAD
    0x08001b20   0x08001b20   0x00000048   Code   RO          161    .text.uxListRemove  list.o
    0x08001b68   0x08001b68   0x0000000c   Code   RO          348    .text.uxTaskGetNumberOfTasks  tasks.o
    0x08001b74   0x08001b74   0x00000002   Code   RO           19    .text.vApplicationIdleHook  main.o
    0x08001b76   0x08001b76   0x00000002   PAD
    0x08001b78   0x08001b78   0x0000000a   Code   RO           25    .text.vApplicationStackOverflowHook  main.o
    0x08001b82   0x08001b82   0x00000002   PAD
    0x08001b84   0x08001b84   0x00000002   Code   RO           21    .text.vApplicationTickHook  main.o
    0x08001b86   0x08001b86   0x00000002   PAD
    0x08001b88   0x08001b88   0x0000002e   Code   RO          153    .text.vListInitialise  list.o
    0x08001bb6   0x08001bb6   0x00000002   PAD
    0x08001bb8   0x08001bb8   0x0000000e   Code   RO          155    .text.vListInitialiseItem  list.o
    0x08001bc6   0x08001bc6   0x00000002   PAD
    0x08001bc8   0x08001bc8   0x0000006a   Code   RO          159    .text.vListInsert   list.o
    0x08001c32   0x08001c32   0x00000002   PAD
    0x08001c34   0x08001c34   0x00000030   Code   RO          527    .text.vPortEnterCritical  port.o
    0x08001c64   0x08001c64   0x00000026   Code   RO          529    .text.vPortExitCritical  port.o
    0x08001c8a   0x08001c8a   0x00000002   PAD
    0x08001c8c   0x08001c8c   0x00000076   Code   RO          127    .text.vPortFree     heap_4.o
    0x08001d02   0x08001d02   0x00000002   PAD
    0x08001d04   0x08001d04   0x0000002e   Code   RO          521    .text.vPortSetupTimerInterrupt  port.o
    0x08001d32   0x08001d32   0x00000002   PAD
    0x08001d34   0x08001d34   0x00000064   Code   RO          232    .text.vQueueWaitForMessageRestricted  queue.o
    0x08001d98   0x08001d98   0x0000004a   Code   RO          316    .text.vTaskDelay    tasks.o
    0x08001de2   0x08001de2   0x00000002   PAD
    0x08001de4   0x08001de4   0x00000024   Code   RO          370    .text.vTaskInternalSetTimeOutState  tasks.o
    0x08001e08   0x08001e08   0x0000000e   Code   RO          374    .text.vTaskMissedYield  tasks.o
    0x08001e16   0x08001e16   0x00000002   PAD
    0x08001e18   0x08001e18   0x00000026   Code   RO          358    .text.vTaskPlaceOnEventList  tasks.o
    0x08001e3e   0x08001e3e   0x00000002   PAD
    0x08001e40   0x08001e40   0x00000060   Code   RO          362    .text.vTaskPlaceOnEventListRestricted  tasks.o
    0x08001ea0   0x08001ea0   0x00000094   Code   RO          336    .text.vTaskStartScheduler  tasks.o
    0x08001f34   0x08001f34   0x00000010   Code   RO          310    .text.vTaskSuspendAll  tasks.o
    0x08001f44   0x08001f44   0x000000ec   Code   RO          328    .text.vTaskSwitchContext  tasks.o
    0x08002030   0x08002030   0x00000040   Code   RO          519    .text.xPortStartScheduler  port.o
    0x08002070   0x08002070   0x0000007e   Code   RO          172    .text.xQueueGenericCreate  queue.o
    0x080020ee   0x080020ee   0x00000002   PAD
    0x080020f0   0x080020f0   0x000000d0   Code   RO          170    .text.xQueueGenericReset  queue.o
    0x080021c0   0x080021c0   0x0000016a   Code   RO          182    .text.xQueueGenericSend  queue.o
    0x0800232a   0x0800232a   0x00000002   PAD
    0x0800232c   0x0800232c   0x000000d2   Code   RO          196    .text.xQueueGenericSendFromISR  queue.o
    0x080023fe   0x080023fe   0x00000002   PAD
    0x08002400   0x08002400   0x00000152   Code   RO          200    .text.xQueueReceive  queue.o
    0x08002552   0x08002552   0x00000002   PAD
    0x08002554   0x08002554   0x0000009a   Code   RO          372    .text.xTaskCheckForTimeOut  tasks.o
    0x080025ee   0x080025ee   0x00000002   PAD
    0x080025f0   0x080025f0   0x000000a0   Code   RO          296    .text.xTaskCreate   tasks.o
    0x08002690   0x08002690   0x00000038   Code   RO          386    .text.xTaskGetSchedulerState  tasks.o
    0x080026c8   0x080026c8   0x00000014   Code   RO          344    .text.xTaskGetTickCount  tasks.o
    0x080026dc   0x080026dc   0x00000018   Code   RO          346    .text.xTaskGetTickCountFromISR  tasks.o
    0x080026f4   0x080026f4   0x00000254   Code   RO          342    .text.xTaskIncrementTick  tasks.o
    0x08002948   0x08002948   0x000000f0   Code   RO          390    .text.xTaskPriorityDisinherit  tasks.o
    0x08002a38   0x08002a38   0x00000170   Code   RO          364    .text.xTaskRemoveFromEventList  tasks.o
    0x08002ba8   0x08002ba8   0x000001fe   Code   RO          314    .text.xTaskResumeAll  tasks.o
    0x08002da6   0x08002da6   0x00000002   PAD
    0x08002da8   0x08002da8   0x0000004a   Code   RO          452    .text.xTimerCreate  timers.o
    0x08002df2   0x08002df2   0x00000002   PAD
    0x08002df4   0x08002df4   0x00000050   Code   RO          446    .text.xTimerCreateTimerTask  timers.o
    0x08002e44   0x08002e44   0x00000094   Code   RO          456    .text.xTimerGenericCommand  timers.o
    0x08002ed8   0x08002ed8   0x00000013   Data   RO           40    .rodata.str1.1      main.o
    0x08002eeb   0x08002eeb   0x00000005   Data   RO          432    .rodata.str1.1      tasks.o
    0x08002ef0   0x08002ef0   0x00000008   Data   RO          499    .rodata.str1.1      timers.o
    0x08002ef8   0x08002ef8   0x00000004   Data   RO          417    .rodata.uxTopUsedPriority  tasks.o
    0x08002efc   0x08002efc   0x00000020   Data   RO          746    Region$$Table       anon$$obj.o


    Execution Region RW_IRAM1 (Exec base: 0x20000000, Load base: 0x08002f20, Size: 0x00002fd8, Max: 0x00005000, ABSOLUTE)

    Exec Addr    Load Addr    Size         Type   Attr      Idx    E Section Name        Object

    0x20000000   0x08002f20   0x00000008   Data   RW           37    .data.ledC          main.o
    0x20000008   0x08002f28   0x00000004   Data   RW          535    .data.uxCriticalNesting  port.o
    0x2000000c   0x08002f2c   0x00000004   PAD
    0x20000010        -       0x00000060   Zero   RW          611    .bss                c_w.l(libspace.o)
    0x20000070        -       0x00000004   Zero   RW           39    .bss.buttonTimer    main.o
    0x20000074        -       0x00000004   Zero   RW           38    .bss.dataFromUart   main.o
    0x20000078        -       0x00000004   Zero   RW          503    .bss.prvSampleTimeNow.xLastTime  timers.o
    0x2000007c        -       0x00000004   Zero   RW          416    .bss.pxCurrentTCB   tasks.o
    0x20000080        -       0x00000004   Zero   RW          501    .bss.pxCurrentTimerList  timers.o
    0x20000084        -       0x00000004   Zero   RW          426    .bss.pxDelayedTaskList  tasks.o
    0x20000088        -       0x00000004   Zero   RW          139    .bss.pxEnd          heap_4.o
    0x2000008c        -       0x00000004   Zero   RW          427    .bss.pxOverflowDelayedTaskList  tasks.o
    0x20000090        -       0x00000004   Zero   RW          502    .bss.pxOverflowTimerList  timers.o
    0x20000094        -       0x00000064   Zero   RW          418    .bss.pxReadyTasksLists  tasks.o
    0x200000f8        -       0x00002800   Zero   RW          145    .bss.ucHeap         heap_4.o
    0x200028f8        -       0x00000004   Zero   RW          423    .bss.uxCurrentNumberOfTasks  tasks.o
    0x200028fc        -       0x00000004   Zero   RW          422    .bss.uxDeletedTasksWaitingCleanUp  tasks.o
    0x20002900        -       0x00000004   Zero   RW          429    .bss.uxSchedulerSuspended  tasks.o
    0x20002904        -       0x00000004   Zero   RW          420    .bss.uxTaskNumber   tasks.o
    0x20002908        -       0x00000004   Zero   RW          419    .bss.uxTopReadyPriority  tasks.o
    0x2000290c        -       0x00000014   Zero   RW          504    .bss.xActiveTimerList1  timers.o
    0x20002920        -       0x00000014   Zero   RW          505    .bss.xActiveTimerList2  timers.o
    0x20002934        -       0x00000014   Zero   RW          437    .bss.xDelayedTaskList1  tasks.o
    0x20002948        -       0x00000014   Zero   RW          438    .bss.xDelayedTaskList2  tasks.o
    0x2000295c        -       0x00000004   Zero   RW          140    .bss.xFreeBytesRemaining  heap_4.o
    0x20002960        -       0x00000004   Zero   RW          433    .bss.xIdleTaskHandle  tasks.o
    0x20002964        -       0x00000004   Zero   RW          142    .bss.xMinimumEverFreeBytesRemaining  heap_4.o
    0x20002968        -       0x00000004   Zero   RW          434    .bss.xNextTaskUnblockTime  tasks.o
    0x2000296c        -       0x00000004   Zero   RW          436    .bss.xNumOfOverflows  tasks.o
    0x20002970        -       0x00000004   Zero   RW          143    .bss.xNumberOfSuccessfulAllocations  heap_4.o
    0x20002974        -       0x00000004   Zero   RW          144    .bss.xNumberOfSuccessfulFrees  heap_4.o
    0x20002978        -       0x00000004   Zero   RW          435    .bss.xPendedTicks   tasks.o
    0x2000297c        -       0x00000014   Zero   RW          431    .bss.xPendingReadyList  tasks.o
    0x20002990        -       0x00000004   Zero   RW          424    .bss.xSchedulerRunning  tasks.o
    0x20002994        -       0x00000008   Zero   RW          141    .bss.xStart         heap_4.o
    0x2000299c        -       0x00000014   Zero   RW          428    .bss.xSuspendedTaskList  tasks.o
    0x200029b0        -       0x00000014   Zero   RW          421    .bss.xTasksWaitingTermination  tasks.o
    0x200029c4        -       0x00000004   Zero   RW          425    .bss.xTickCount     tasks.o
    0x200029c8        -       0x00000004   Zero   RW          498    .bss.xTimerQueue    timers.o
    0x200029cc        -       0x00000004   Zero   RW          500    .bss.xTimerTaskHandle  timers.o
    0x200029d0        -       0x00000004   Zero   RW          430    .bss.xYieldPending  tasks.o
    0x200029d4   0x08002f2c   0x00000004   PAD
    0x200029d8        -       0x00000200   Zero   RW          543    HEAP                startup_stm32f10x_md.o
    0x20002bd8        -       0x00000400   Zero   RW          542    STACK               startup_stm32f10x_md.o


==============================================================================

Image component sizes


      Code (inc. data)   RO Data    RW Data    ZI Data      Debug   Object Name

       880          0          0          0      10268       4075   heap_4.o
       572          0          0          0          0       4041   init.o
        38          0          0          0          0        408   led_task.o
       238          0          0          0          0       2057   list.o
       326          0         19          8          8       2982   main.o
       510         12          0          4          0       2490   port.o
      1946          0          0          0          0      12166   queue.o
       160          0          0          0          0       1635   register_work.o
        64         26        236          0       1536        820   startup_stm32f10x_md.o
       400          0          0          0          0       2941   system_stm32f10x.o
      4026          0          9          0        260      21783   tasks.o
      1452         10          8          0         60       7655   timers.o
       348          0          0          0          0       1970   usart_task.o

    ----------------------------------------------------------------------
     11076         60        304         12      12140      65023   Object Totals
         0          0         32          0          0          0   (incl. Generated)
       116         12          0          0          8          0   (incl. Padding)

    ----------------------------------------------------------------------

      Code (inc. data)   RO Data    RW Data    ZI Data      Debug   Library Member Name

         8          0          0          0          0         68   __main.o
         0          0          0          0          0          0   __rtentry.o
        12          0          0          0          0          0   __rtentry2.o
         6          0          0          0          0          0   __rtentry4.o
        52          8          0          0          0          0   __scatter.o
        26          0          0          0          0          0   __scatter_copy.o
        28          0          0          0          0          0   __scatter_zi.o
        16          0          0          0          0         68   aeabi_memset4.o
        18          0          0          0          0         80   exit.o
         6          0          0          0          0        152   heapauxi.o
         0          0          0          0          0          0   indicate_semi.o
         2          0          0          0          0          0   libinit.o
         2          0          0          0          0          0   libinit2.o
         2          0          0          0          0          0   libshutdown.o
         2          0          0          0          0          0   libshutdown2.o
         8          4          0          0         96         68   libspace.o
        68          0          0          0          0         68   rt_memclr.o
        78          0          0          0          0         80   rt_memclr_w.o
       138          0          0          0          0         68   rt_memcpy_v6.o
       100          0          0          0          0         80   rt_memcpy_w.o
         2          0          0          0          0          0   rtexit.o
        10          0          0          0          0          0   rtexit2.o
        12          4          0          0          0         68   sys_exit.o
        74          0          0          0          0         80   sys_stackheap_outer.o
         2          0          0          0          0         68   use_no_semi.o

    ----------------------------------------------------------------------
       680         16          0          0         96        948   Library Totals
         8          0          0          0          0          0   (incl. Padding)

    ----------------------------------------------------------------------

      Code (inc. data)   RO Data    RW Data    ZI Data      Debug   Library Name

       672         16          0          0         96        948   c_w.l

    ----------------------------------------------------------------------
       680         16          0          0         96        948   Library Totals

    ----------------------------------------------------------------------

==============================================================================


      Code (inc. data)   RO Data    RW Data    ZI Data      Debug   

     11756         76        304         12      12236      65383   Grand Totals
     11756         76        304         12      12236      65383   ELF Image Totals
     11756         76        304         12          0          0   ROM Totals

==============================================================================

    Total RO  Size (Code + RO Data)                12060 (  11.78kB)
    Total RW  Size (RW Data + ZI Data)             12248 (  11.96kB)
    Total ROM Size (Code + RO Data + RW Data)      12072 (  11.79kB)

==============================================================================

